Archive member included because of file (symbol)

c:/program files (x86)/gnu tools arm embedded/4.9 2015q2/bin/../lib/gcc/arm-none-eabi/4.9.3/../../../../arm-none-eabi/lib/armv7e-m\libg.a(lib_a-memset.o)
                              ..\obj\ePaperDisplay.o (memset)

Discarded input sections

 .text          0x00000000        0x0 ..\obj\ePaperDisplay.o
 .data          0x00000000        0x0 ..\obj\ePaperDisplay.o
 .bss           0x00000000        0x0 ..\obj\ePaperDisplay.o
 .text          0x00000000        0x0 ..\obj\delay.o
 .data          0x00000000        0x0 ..\obj\delay.o
 .text          0x00000000        0x0 ..\obj\mini_m4.o
 .data          0x00000000        0x0 ..\obj\mini_m4.o
 .bss           0x00000000        0x0 ..\obj\mini_m4.o
 .text.ToggleLed
                0x00000000       0x2c ..\obj\mini_m4.o
 .text.SPI1_Read_WithDelay
                0x00000000       0x50 ..\obj\mini_m4.o
 .text          0x00000000        0x0 ..\obj\startup_stm32f4xx.o
 .data          0x00000000        0x0 ..\obj\startup_stm32f4xx.o
 .bss           0x00000000        0x0 ..\obj\startup_stm32f4xx.o
 .text          0x00000000        0x0 ..\obj\main.o
 .data          0x00000000        0x0 ..\obj\main.o
 .bss           0x00000000        0x0 ..\obj\main.o
 .text          0x00000000        0x0 ..\obj\stm32f4xx_rcc.o
 .data          0x00000000       0x10 ..\obj\stm32f4xx_rcc.o
 .bss           0x00000000        0x0 ..\obj\stm32f4xx_rcc.o
 .text.RCC_DeInit
                0x00000000       0x50 ..\obj\stm32f4xx_rcc.o
 .text.RCC_HSEConfig
                0x00000000       0x24 ..\obj\stm32f4xx_rcc.o
 .text.RCC_WaitForHSEStartUp
                0x00000000       0x50 ..\obj\stm32f4xx_rcc.o
 .text.RCC_AdjustHSICalibrationValue
                0x00000000       0x3c ..\obj\stm32f4xx_rcc.o
 .text.RCC_HSICmd
                0x00000000       0x20 ..\obj\stm32f4xx_rcc.o
 .text.RCC_LSEConfig
                0x00000000       0x40 ..\obj\stm32f4xx_rcc.o
 .text.RCC_LSICmd
                0x00000000       0x20 ..\obj\stm32f4xx_rcc.o
 .text.RCC_PLLConfig
                0x00000000       0x3c ..\obj\stm32f4xx_rcc.o
 .text.RCC_PLLCmd
                0x00000000       0x20 ..\obj\stm32f4xx_rcc.o
 .text.RCC_PLLI2SConfig
                0x00000000       0x28 ..\obj\stm32f4xx_rcc.o
 .text.RCC_PLLI2SCmd
                0x00000000       0x20 ..\obj\stm32f4xx_rcc.o
 .text.RCC_ClockSecuritySystemCmd
                0x00000000       0x20 ..\obj\stm32f4xx_rcc.o
 .text.RCC_MCO1Config
                0x00000000       0x3c ..\obj\stm32f4xx_rcc.o
 .text.RCC_MCO2Config
                0x00000000       0x3c ..\obj\stm32f4xx_rcc.o
 .text.RCC_SYSCLKConfig
                0x00000000       0x38 ..\obj\stm32f4xx_rcc.o
 .text.RCC_GetSYSCLKSource
                0x00000000       0x20 ..\obj\stm32f4xx_rcc.o
 .text.RCC_HCLKConfig
                0x00000000       0x38 ..\obj\stm32f4xx_rcc.o
 .text.RCC_PCLK1Config
                0x00000000       0x38 ..\obj\stm32f4xx_rcc.o
 .text.RCC_PCLK2Config
                0x00000000       0x38 ..\obj\stm32f4xx_rcc.o
 .text.RCC_GetClocksFreq
                0x00000000      0x150 ..\obj\stm32f4xx_rcc.o
 .text.RCC_RTCCLKConfig
                0x00000000       0x5c ..\obj\stm32f4xx_rcc.o
 .text.RCC_RTCCLKCmd
                0x00000000       0x20 ..\obj\stm32f4xx_rcc.o
 .text.RCC_BackupResetCmd
                0x00000000       0x20 ..\obj\stm32f4xx_rcc.o
 .text.RCC_I2SCLKConfig
                0x00000000       0x1c ..\obj\stm32f4xx_rcc.o
 .text.RCC_AHB2PeriphClockCmd
                0x00000000       0x3c ..\obj\stm32f4xx_rcc.o
 .text.RCC_AHB3PeriphClockCmd
                0x00000000       0x3c ..\obj\stm32f4xx_rcc.o
 .text.RCC_APB1PeriphClockCmd
                0x00000000       0x3c ..\obj\stm32f4xx_rcc.o
 .text.RCC_AHB1PeriphResetCmd
                0x00000000       0x3c ..\obj\stm32f4xx_rcc.o
 .text.RCC_AHB2PeriphResetCmd
                0x00000000       0x3c ..\obj\stm32f4xx_rcc.o
 .text.RCC_AHB3PeriphResetCmd
                0x00000000       0x3c ..\obj\stm32f4xx_rcc.o
 .text.RCC_APB1PeriphResetCmd
                0x00000000       0x3c ..\obj\stm32f4xx_rcc.o
 .text.RCC_APB2PeriphResetCmd
                0x00000000       0x3c ..\obj\stm32f4xx_rcc.o
 .text.RCC_AHB1PeriphClockLPModeCmd
                0x00000000       0x3c ..\obj\stm32f4xx_rcc.o
 .text.RCC_AHB2PeriphClockLPModeCmd
                0x00000000       0x3c ..\obj\stm32f4xx_rcc.o
 .text.RCC_AHB3PeriphClockLPModeCmd
                0x00000000       0x3c ..\obj\stm32f4xx_rcc.o
 .text.RCC_APB1PeriphClockLPModeCmd
                0x00000000       0x3c ..\obj\stm32f4xx_rcc.o
 .text.RCC_APB2PeriphClockLPModeCmd
                0x00000000       0x3c ..\obj\stm32f4xx_rcc.o
 .text.RCC_ITConfig
                0x00000000       0x4c ..\obj\stm32f4xx_rcc.o
 .text.RCC_GetFlagStatus
                0x00000000       0x74 ..\obj\stm32f4xx_rcc.o
 .text.RCC_ClearFlag
                0x00000000       0x1c ..\obj\stm32f4xx_rcc.o
 .text.RCC_GetITStatus
                0x00000000       0x38 ..\obj\stm32f4xx_rcc.o
 .text.RCC_ClearITPendingBit
                0x00000000       0x20 ..\obj\stm32f4xx_rcc.o
 .text          0x00000000        0x0 ..\obj\stm32f4xx_gpio.o
 .data          0x00000000        0x0 ..\obj\stm32f4xx_gpio.o
 .bss           0x00000000        0x0 ..\obj\stm32f4xx_gpio.o
 .text.GPIO_DeInit
                0x00000000      0x120 ..\obj\stm32f4xx_gpio.o
 .text.GPIO_StructInit
                0x00000000       0x34 ..\obj\stm32f4xx_gpio.o
 .text.GPIO_PinLockConfig
                0x00000000       0x44 ..\obj\stm32f4xx_gpio.o
 .text.GPIO_ReadInputData
                0x00000000       0x1c ..\obj\stm32f4xx_gpio.o
 .text.GPIO_ReadOutputDataBit
                0x00000000       0x34 ..\obj\stm32f4xx_gpio.o
 .text.GPIO_ReadOutputData
                0x00000000       0x1c ..\obj\stm32f4xx_gpio.o
 .text.GPIO_Write
                0x00000000       0x1c ..\obj\stm32f4xx_gpio.o
 .text.GPIO_ToggleBits
                0x00000000       0x24 ..\obj\stm32f4xx_gpio.o
 .text          0x00000000        0x0 ..\obj\system_stm32f4xx.o
 .bss           0x00000000        0x0 ..\obj\system_stm32f4xx.o
 .text.SystemCoreClockUpdate
                0x00000000       0xf4 ..\obj\system_stm32f4xx.o
 .text          0x00000000        0x0 ..\obj\stm32f4xx_spi.o
 .data          0x00000000        0x0 ..\obj\stm32f4xx_spi.o
 .bss           0x00000000        0x0 ..\obj\stm32f4xx_spi.o
 .text.SPI_I2S_DeInit
                0x00000000       0x74 ..\obj\stm32f4xx_spi.o
 .text.I2S_Init
                0x00000000      0x1b4 ..\obj\stm32f4xx_spi.o
 .text.SPI_StructInit
                0x00000000       0x48 ..\obj\stm32f4xx_spi.o
 .text.I2S_StructInit
                0x00000000       0x38 ..\obj\stm32f4xx_spi.o
 .text.I2S_Cmd  0x00000000       0x40 ..\obj\stm32f4xx_spi.o
 .text.SPI_DataSizeConfig
                0x00000000       0x38 ..\obj\stm32f4xx_spi.o
 .text.SPI_BiDirectionalLineConfig
                0x00000000       0x40 ..\obj\stm32f4xx_spi.o
 .text.SPI_NSSInternalSoftwareConfig
                0x00000000       0x44 ..\obj\stm32f4xx_spi.o
 .text.SPI_SSOutputCmd
                0x00000000       0x40 ..\obj\stm32f4xx_spi.o
 .text.SPI_TIModeCmd
                0x00000000       0x40 ..\obj\stm32f4xx_spi.o
 .text.I2S_FullDuplexConfig
                0x00000000       0x9c ..\obj\stm32f4xx_spi.o
 .text.SPI_CalculateCRC
                0x00000000       0x40 ..\obj\stm32f4xx_spi.o
 .text.SPI_TransmitCRC
                0x00000000       0x24 ..\obj\stm32f4xx_spi.o
 .text.SPI_GetCRC
                0x00000000       0x34 ..\obj\stm32f4xx_spi.o
 .text.SPI_GetCRCPolynomial
                0x00000000       0x1c ..\obj\stm32f4xx_spi.o
 .text.SPI_I2S_DMACmd
                0x00000000       0x48 ..\obj\stm32f4xx_spi.o
 .text.SPI_I2S_ITConfig
                0x00000000       0x60 ..\obj\stm32f4xx_spi.o
 .text.SPI_I2S_ClearFlag
                0x00000000       0x20 ..\obj\stm32f4xx_spi.o
 .text.SPI_I2S_GetITStatus
                0x00000000       0x78 ..\obj\stm32f4xx_spi.o
 .text.SPI_I2S_ClearITPendingBit
                0x00000000       0x34 ..\obj\stm32f4xx_spi.o
 .text          0x00000000        0x0 ..\obj\stm32f4xx_i2c.o
 .data          0x00000000        0x0 ..\obj\stm32f4xx_i2c.o
 .bss           0x00000000        0x0 ..\obj\stm32f4xx_i2c.o
 .text.I2C_DeInit
                0x00000000       0x74 ..\obj\stm32f4xx_i2c.o
 .text.I2C_Init
                0x00000000      0x184 ..\obj\stm32f4xx_i2c.o
 .text.I2C_StructInit
                0x00000000       0x3c ..\obj\stm32f4xx_i2c.o
 .text.I2C_Cmd  0x00000000       0x40 ..\obj\stm32f4xx_i2c.o
 .text.I2C_GenerateSTART
                0x00000000       0x40 ..\obj\stm32f4xx_i2c.o
 .text.I2C_GenerateSTOP
                0x00000000       0x40 ..\obj\stm32f4xx_i2c.o
 .text.I2C_Send7bitAddress
                0x00000000       0x3c ..\obj\stm32f4xx_i2c.o
 .text.I2C_AcknowledgeConfig
                0x00000000       0x40 ..\obj\stm32f4xx_i2c.o
 .text.I2C_OwnAddress2Config
                0x00000000       0x40 ..\obj\stm32f4xx_i2c.o
 .text.I2C_DualAddressCmd
                0x00000000       0x40 ..\obj\stm32f4xx_i2c.o
 .text.I2C_GeneralCallCmd
                0x00000000       0x40 ..\obj\stm32f4xx_i2c.o
 .text.I2C_SoftwareResetCmd
                0x00000000       0x44 ..\obj\stm32f4xx_i2c.o
 .text.I2C_StretchClockCmd
                0x00000000       0x40 ..\obj\stm32f4xx_i2c.o
 .text.I2C_FastModeDutyCycleConfig
                0x00000000       0x40 ..\obj\stm32f4xx_i2c.o
 .text.I2C_NACKPositionConfig
                0x00000000       0x40 ..\obj\stm32f4xx_i2c.o
 .text.I2C_SMBusAlertConfig
                0x00000000       0x40 ..\obj\stm32f4xx_i2c.o
 .text.I2C_ARPCmd
                0x00000000       0x40 ..\obj\stm32f4xx_i2c.o
 .text.I2C_SendData
                0x00000000       0x20 ..\obj\stm32f4xx_i2c.o
 .text.I2C_ReceiveData
                0x00000000       0x1c ..\obj\stm32f4xx_i2c.o
 .text.I2C_TransmitPEC
                0x00000000       0x40 ..\obj\stm32f4xx_i2c.o
 .text.I2C_PECPositionConfig
                0x00000000       0x40 ..\obj\stm32f4xx_i2c.o
 .text.I2C_CalculatePEC
                0x00000000       0x40 ..\obj\stm32f4xx_i2c.o
 .text.I2C_GetPEC
                0x00000000       0x20 ..\obj\stm32f4xx_i2c.o
 .text.I2C_DMACmd
                0x00000000       0x40 ..\obj\stm32f4xx_i2c.o
 .text.I2C_DMALastTransferCmd
                0x00000000       0x40 ..\obj\stm32f4xx_i2c.o
 .text.I2C_ReadRegister
                0x00000000       0x30 ..\obj\stm32f4xx_i2c.o
 .text.I2C_ITConfig
                0x00000000       0x48 ..\obj\stm32f4xx_i2c.o
 .text.I2C_CheckEvent
                0x00000000       0x60 ..\obj\stm32f4xx_i2c.o
 .text.I2C_GetLastEvent
                0x00000000       0x44 ..\obj\stm32f4xx_i2c.o
 .text.I2C_GetFlagStatus
                0x00000000       0x68 ..\obj\stm32f4xx_i2c.o
 .text.I2C_ClearFlag
                0x00000000       0x2c ..\obj\stm32f4xx_i2c.o
 .text.I2C_GetITStatus
                0x00000000       0x5c ..\obj\stm32f4xx_i2c.o
 .text.I2C_ClearITPendingBit
                0x00000000       0x2c ..\obj\stm32f4xx_i2c.o
 .debug_info    0x00000000      0xaf4 ..\obj\stm32f4xx_i2c.o
 .debug_abbrev  0x00000000      0x164 ..\obj\stm32f4xx_i2c.o
 .debug_aranges
                0x00000000      0x120 ..\obj\stm32f4xx_i2c.o
 .debug_ranges  0x00000000      0x110 ..\obj\stm32f4xx_i2c.o
 .debug_line    0x00000000      0x4f3 ..\obj\stm32f4xx_i2c.o
 .debug_str     0x00000000      0x666 ..\obj\stm32f4xx_i2c.o
 .comment       0x00000000       0x71 ..\obj\stm32f4xx_i2c.o
 .debug_frame   0x00000000      0x530 ..\obj\stm32f4xx_i2c.o
 .ARM.attributes
                0x00000000       0x33 ..\obj\stm32f4xx_i2c.o
 .text          0x00000000        0x0 ..\obj\misc.o
 .data          0x00000000        0x0 ..\obj\misc.o
 .bss           0x00000000        0x0 ..\obj\misc.o
 .text.NVIC_PriorityGroupConfig
                0x00000000       0x24 ..\obj\misc.o
 .text.NVIC_Init
                0x00000000       0xc0 ..\obj\misc.o
 .text.NVIC_SetVectorTable
                0x00000000       0x2c ..\obj\misc.o
 .text.NVIC_SystemLPConfig
                0x00000000       0x40 ..\obj\misc.o
 .text.SysTick_CLKSourceConfig
                0x00000000       0x38 ..\obj\misc.o
 .debug_info    0x00000000      0x53d ..\obj\misc.o
 .debug_abbrev  0x00000000      0x145 ..\obj\misc.o
 .debug_aranges
                0x00000000       0x40 ..\obj\misc.o
 .debug_ranges  0x00000000       0x30 ..\obj\misc.o
 .debug_line    0x00000000      0x25d ..\obj\misc.o
 .debug_str     0x00000000      0x3cf ..\obj\misc.o
 .comment       0x00000000       0x71 ..\obj\misc.o
 .debug_frame   0x00000000       0xd8 ..\obj\misc.o
 .ARM.attributes
                0x00000000       0x33 ..\obj\misc.o
 .text          0x00000000        0x0 c:/program files (x86)/gnu tools arm embedded/4.9 2015q2/bin/../lib/gcc/arm-none-eabi/4.9.3/../../../../arm-none-eabi/lib/armv7e-m\libg.a(lib_a-memset.o)
 .data          0x00000000        0x0 c:/program files (x86)/gnu tools arm embedded/4.9 2015q2/bin/../lib/gcc/arm-none-eabi/4.9.3/../../../../arm-none-eabi/lib/armv7e-m\libg.a(lib_a-memset.o)
 .bss           0x00000000        0x0 c:/program files (x86)/gnu tools arm embedded/4.9 2015q2/bin/../lib/gcc/arm-none-eabi/4.9.3/../../../../arm-none-eabi/lib/armv7e-m\libg.a(lib_a-memset.o)

Memory Configuration

Name             Origin             Length             Attributes
rom              0x08000000         0x00100000         xr
ram              0x20000000         0x00020000         xrw
ram1             0x10000000         0x00010000         xrw
*default*        0x00000000         0xffffffff

Linker script and memory map

                0x20020000                _eram = 0x20020000

.text           0x08000000     0x4838
 *(.isr_vector)
 .isr_vector    0x08000000      0x188 ..\obj\startup_stm32f4xx.o
                0x08000000                g_pfnVectors
 *(.text*)
 .text.EPD_Init
                0x08000188       0x80 ..\obj\ePaperDisplay.o
                0x08000188                EPD_Init
 .text.EPD_PowerOn
                0x08000208       0x7c ..\obj\ePaperDisplay.o
                0x08000208                EPD_PowerOn
 .text.EPD_PowerOff
                0x08000284       0x8c ..\obj\ePaperDisplay.o
                0x08000284                EPD_PowerOff
 .text.GetCOGid
                0x08000310       0x30 ..\obj\ePaperDisplay.o
                0x08000310                GetCOGid
 .text.DisableOE
                0x08000340       0x3c ..\obj\ePaperDisplay.o
                0x08000340                DisableOE
 .text.CheckBreakage
                0x0800037c       0x40 ..\obj\ePaperDisplay.o
                0x0800037c                CheckBreakage
 .text.EnterPowerSavingMode
                0x080003bc       0x3c ..\obj\ePaperDisplay.o
                0x080003bc                EnterPowerSavingMode
 .text.ChannelSelect
                0x080003f8       0x44 ..\obj\ePaperDisplay.o
                0x080003f8                ChannelSelect
 .text.OscillatorPowerMode
                0x0800043c       0x48 ..\obj\ePaperDisplay.o
                0x0800043c                OscillatorPowerMode
 .text.PowerSettings1
                0x08000484       0x3c ..\obj\ePaperDisplay.o
                0x08000484                PowerSettings1
 .text.SetVComLevel
                0x080004c0       0x3c ..\obj\ePaperDisplay.o
                0x080004c0                SetVComLevel
 .text.PowerSettings2
                0x080004fc       0x3c ..\obj\ePaperDisplay.o
                0x080004fc                PowerSettings2
 .text.PowerSettings3
                0x08000538       0x3c ..\obj\ePaperDisplay.o
                0x08000538                PowerSettings3
 .text.DriverLatchOn
                0x08000574       0x3c ..\obj\ePaperDisplay.o
                0x08000574                DriverLatchOn
 .text.DriverLatchOff
                0x080005b0       0x3c ..\obj\ePaperDisplay.o
                0x080005b0                DriverLatchOff
 .text.ChargePump
                0x080005ec       0x5c ..\obj\ePaperDisplay.o
                0x080005ec                ChargePump
 .text.ChargePumpVoltageSettings
                0x08000648       0x48 ..\obj\ePaperDisplay.o
                0x08000648                ChargePumpVoltageSettings
 .text.CheckDCDC
                0x08000690       0x48 ..\obj\ePaperDisplay.o
                0x08000690                CheckDCDC
 .text.OutputEnaToDisa
                0x080006d8       0x3c ..\obj\ePaperDisplay.o
                0x080006d8                OutputEnaToDisa
 .text.TurnOnOE
                0x08000714       0x3c ..\obj\ePaperDisplay.o
                0x08000714                TurnOnOE
 .text.DischargeInternal
                0x08000750       0x3c ..\obj\ePaperDisplay.o
                0x08000750                DischargeInternal
 .text.DisplayImage
                0x0800078c       0x28 ..\obj\ePaperDisplay.o
                0x0800078c                DisplayImage
 .text.DisplayBW
                0x080007b4       0x78 ..\obj\ePaperDisplay.o
                0x080007b4                DisplayBW
 .text.DisplayInverse
                0x0800082c       0x40 ..\obj\ePaperDisplay.o
                0x0800082c                DisplayInverse
 .text.DisplayNew
                0x0800086c       0x40 ..\obj\ePaperDisplay.o
                0x0800086c                DisplayNew
 .text.DisplayNothing
                0x080008ac       0x2c ..\obj\ePaperDisplay.o
                0x080008ac                DisplayNothing
 .text.DisplayUnicolorLine
                0x080008d8      0x120 ..\obj\ePaperDisplay.o
                0x080008d8                DisplayUnicolorLine
 .text.DisplayDummyLine
                0x080009f8       0x58 ..\obj\ePaperDisplay.o
                0x080009f8                DisplayDummyLine
 .text.DisplayLine
                0x08000a50      0x318 ..\obj\ePaperDisplay.o
                0x08000a50                DisplayLine
 .text.RefreshBorder
                0x08000d68       0x24 ..\obj\ePaperDisplay.o
                0x08000d68                RefreshBorder
 .text.NVIC_SetPriority
                0x08000d8c       0x54 ..\obj\delay.o
 .text.SysTick_Config
                0x08000de0       0x44 ..\obj\delay.o
 .text.SysTick_Init
                0x08000e24       0x28 ..\obj\delay.o
                0x08000e24                SysTick_Init
 .text.TimeTick_Decrement
                0x08000e4c       0x24 ..\obj\delay.o
                0x08000e4c                TimeTick_Decrement
 .text.delay_nus
                0x08000e70       0x28 ..\obj\delay.o
                0x08000e70                delay_nus
 .text.delay_1ms
                0x08000e98       0x24 ..\obj\delay.o
                0x08000e98                delay_1ms
 .text.delay_nms
                0x08000ebc       0x20 ..\obj\delay.o
                0x08000ebc                delay_nms
 .text.LEDs_Init
                0x08000edc       0x38 ..\obj\mini_m4.o
                0x08000edc                LEDs_Init
 .text.ChangeLedState
                0x08000f14       0x44 ..\obj\mini_m4.o
                0x08000f14                ChangeLedState
 .text.GPIOs_Init
                0x08000f58       0x84 ..\obj\mini_m4.o
                0x08000f58                GPIOs_Init
 .text.ChangePowerState
                0x08000fdc       0x20 ..\obj\mini_m4.o
                0x08000fdc                ChangePowerState
 .text.ChangeResetState
                0x08000ffc       0x24 ..\obj\mini_m4.o
                0x08000ffc                ChangeResetState
 .text.ChangeDischargeState
                0x08001020       0x24 ..\obj\mini_m4.o
                0x08001020                ChangeDischargeState
 .text.ChangeBorderState
                0x08001044       0x24 ..\obj\mini_m4.o
                0x08001044                ChangeBorderState
 .text.ChangeCSState
                0x08001068       0x20 ..\obj\mini_m4.o
                0x08001068                ChangeCSState
 .text.IsBusy   0x08001088       0x18 ..\obj\mini_m4.o
                0x08001088                IsBusy
 .text.SPI1_Init
                0x080010a0       0xc4 ..\obj\mini_m4.o
                0x080010a0                SPI1_Init
 .text.SPI1_Send
                0x08001164       0x5c ..\obj\mini_m4.o
                0x08001164                SPI1_Send
 .text.SPI1_Read
                0x080011c0       0x50 ..\obj\mini_m4.o
                0x080011c0                SPI1_Read
 .text.Default_Reset_Handler
                0x08001210       0x5c ..\obj\startup_stm32f4xx.o
                0x08001210                Default_Reset_Handler
                0x08001210                Reset_Handler
 .text.Default_Handler
                0x0800126c        0x8 ..\obj\startup_stm32f4xx.o
                0x0800126c                RTC_Alarm_IRQHandler
                0x0800126c                HASH_RNG_IRQHandler
                0x0800126c                EXTI2_IRQHandler
                0x0800126c                TIM8_CC_IRQHandler
                0x0800126c                DebugMon_Handler
                0x0800126c                TIM1_CC_IRQHandler
                0x0800126c                DMA2_Stream5_IRQHandler
                0x0800126c                HardFault_Handler
                0x0800126c                DMA1_Stream5_IRQHandler
                0x0800126c                PVD_IRQHandler
                0x0800126c                SDIO_IRQHandler
                0x0800126c                TAMP_STAMP_IRQHandler
                0x0800126c                PendSV_Handler
                0x0800126c                NMI_Handler
                0x0800126c                CAN2_RX1_IRQHandler
                0x0800126c                EXTI3_IRQHandler
                0x0800126c                TIM8_TRG_COM_TIM14_IRQHandler
                0x0800126c                TIM1_UP_TIM10_IRQHandler
                0x0800126c                TIM8_UP_TIM13_IRQHandler
                0x0800126c                I2C3_ER_IRQHandler
                0x0800126c                EXTI0_IRQHandler
                0x0800126c                I2C2_EV_IRQHandler
                0x0800126c                DMA1_Stream2_IRQHandler
                0x0800126c                CAN1_RX0_IRQHandler
                0x0800126c                FPU_IRQHandler
                0x0800126c                OTG_HS_WKUP_IRQHandler
                0x0800126c                UsageFault_Handler
                0x0800126c                CAN2_SCE_IRQHandler
                0x0800126c                DMA2_Stream2_IRQHandler
                0x0800126c                SPI1_IRQHandler
                0x0800126c                TIM6_DAC_IRQHandler
                0x0800126c                TIM1_BRK_TIM9_IRQHandler
                0x0800126c                DCMI_IRQHandler
                0x0800126c                CAN2_RX0_IRQHandler
                0x0800126c                DMA2_Stream3_IRQHandler
                0x0800126c                USART6_IRQHandler
                0x0800126c                USART3_IRQHandler
                0x0800126c                CRYP_IRQHandler
                0x0800126c                CAN1_RX1_IRQHandler
                0x0800126c                UART5_IRQHandler
                0x0800126c                DMA2_Stream0_IRQHandler
                0x0800126c                TIM4_IRQHandler
                0x0800126c                I2C1_EV_IRQHandler
                0x0800126c                DMA1_Stream6_IRQHandler
                0x0800126c                DMA1_Stream1_IRQHandler
                0x0800126c                UART4_IRQHandler
                0x0800126c                TIM3_IRQHandler
                0x0800126c                RCC_IRQHandler
                0x0800126c                TIM8_BRK_TIM12_IRQHandler
                0x0800126c                EXTI15_10_IRQHandler
                0x0800126c                ADC_IRQHandler
                0x0800126c                DMA1_Stream7_IRQHandler
                0x0800126c                TIM7_IRQHandler
                0x0800126c                CAN2_TX_IRQHandler
                0x0800126c                TIM5_IRQHandler
                0x0800126c                DMA2_Stream7_IRQHandler
                0x0800126c                I2C3_EV_IRQHandler
                0x0800126c                EXTI9_5_IRQHandler
                0x0800126c                RTC_WKUP_IRQHandler
                0x0800126c                ETH_WKUP_IRQHandler
                0x0800126c                SPI2_IRQHandler
                0x0800126c                OTG_HS_EP1_IN_IRQHandler
                0x0800126c                MemManage_Handler
                0x0800126c                DMA1_Stream0_IRQHandler
                0x0800126c                CAN1_TX_IRQHandler
                0x0800126c                SVC_Handler
                0x0800126c                EXTI4_IRQHandler
                0x0800126c                FSMC_IRQHandler
                0x0800126c                ETH_IRQHandler
                0x0800126c                OTG_HS_EP1_OUT_IRQHandler
                0x0800126c                WWDG_IRQHandler
                0x0800126c                TIM2_IRQHandler
                0x0800126c                OTG_FS_WKUP_IRQHandler
                0x0800126c                TIM1_TRG_COM_TIM11_IRQHandler
                0x0800126c                OTG_HS_IRQHandler
                0x0800126c                EXTI1_IRQHandler
                0x0800126c                USART2_IRQHandler
                0x0800126c                I2C2_ER_IRQHandler
                0x0800126c                DMA2_Stream1_IRQHandler
                0x0800126c                CAN1_SCE_IRQHandler
                0x0800126c                FLASH_IRQHandler
                0x0800126c                DMA2_Stream4_IRQHandler
                0x0800126c                BusFault_Handler
                0x0800126c                USART1_IRQHandler
                0x0800126c                OTG_FS_IRQHandler
                0x0800126c                SPI3_IRQHandler
                0x0800126c                DMA1_Stream4_IRQHandler
                0x0800126c                I2C1_ER_IRQHandler
                0x0800126c                DMA2_Stream6_IRQHandler
                0x0800126c                DMA1_Stream3_IRQHandler
 .text.main     0x08001274       0x38 ..\obj\main.o
                0x08001274                main
 .text.SysTick_Handler
                0x080012ac        0xc ..\obj\main.o
                0x080012ac                SysTick_Handler
 .text.RCC_AHB1PeriphClockCmd
                0x080012b8       0x3c ..\obj\stm32f4xx_rcc.o
                0x080012b8                RCC_AHB1PeriphClockCmd
 .text.RCC_APB2PeriphClockCmd
                0x080012f4       0x3c ..\obj\stm32f4xx_rcc.o
                0x080012f4                RCC_APB2PeriphClockCmd
 .text.GPIO_Init
                0x08001330      0x11c ..\obj\stm32f4xx_gpio.o
                0x08001330                GPIO_Init
 .text.GPIO_ReadInputDataBit
                0x0800144c       0x34 ..\obj\stm32f4xx_gpio.o
                0x0800144c                GPIO_ReadInputDataBit
 .text.GPIO_SetBits
                0x08001480       0x1c ..\obj\stm32f4xx_gpio.o
                0x08001480                GPIO_SetBits
 .text.GPIO_ResetBits
                0x0800149c       0x1c ..\obj\stm32f4xx_gpio.o
                0x0800149c                GPIO_ResetBits
 .text.GPIO_WriteBit
                0x080014b8       0x30 ..\obj\stm32f4xx_gpio.o
                0x080014b8                GPIO_WriteBit
 .text.GPIO_PinAFConfig
                0x080014e8       0x90 ..\obj\stm32f4xx_gpio.o
                0x080014e8                GPIO_PinAFConfig
 .text.SystemInit
                0x08001578       0x58 ..\obj\system_stm32f4xx.o
                0x08001578                SystemInit
 .text.SetSysClock
                0x080015d0       0xf4 ..\obj\system_stm32f4xx.o
 .text.SPI_Init
                0x080016c4       0x88 ..\obj\stm32f4xx_spi.o
                0x080016c4                SPI_Init
 .text.SPI_Cmd  0x0800174c       0x40 ..\obj\stm32f4xx_spi.o
                0x0800174c                SPI_Cmd
 .text.SPI_I2S_ReceiveData
                0x0800178c       0x1c ..\obj\stm32f4xx_spi.o
                0x0800178c                SPI_I2S_ReceiveData
 .text.SPI_I2S_SendData
                0x080017a8       0x1c ..\obj\stm32f4xx_spi.o
                0x080017a8                SPI_I2S_SendData
 .text.SPI_I2S_GetFlagStatus
                0x080017c4       0x38 ..\obj\stm32f4xx_spi.o
                0x080017c4                SPI_I2S_GetFlagStatus
 .text.memset   0x080017fc       0x9c c:/program files (x86)/gnu tools arm embedded/4.9 2015q2/bin/../lib/gcc/arm-none-eabi/4.9.3/../../../../arm-none-eabi/lib/armv7e-m\libg.a(lib_a-memset.o)
                0x080017fc                memset
 *(.init)
 *(.fini)
 *crtbegin.o(.ctors)
 *crtbegin?.o(.ctors)
 *(EXCLUDE_FILE(*crtend.o *crtend?.o) .ctors)
 *(SORT(.ctors.*))
 *(.ctors)
 *crtbegin.o(.dtors)
 *crtbegin?.o(.dtors)
 *(EXCLUDE_FILE(*crtend.o *crtend?.o) .dtors)
 *(SORT(.dtors.*))
 *(.dtors)
 *(.rodata*)
 .rodata        0x08001898     0x17ee ..\obj\ePaperDisplay.o
 *fill*         0x08003086        0x2 
 .rodata        0x08003088     0x17b0 ..\obj\main.o
 *(.eh_fram e*)

.glue_7         0x08004838        0x0
 .glue_7        0x00000000        0x0 linker stubs

.glue_7t        0x08004838        0x0
 .glue_7t       0x00000000        0x0 linker stubs

.vfp11_veneer   0x08004838        0x0
 .vfp11_veneer  0x00000000        0x0 linker stubs

.v4_bx          0x08004838        0x0
 .v4_bx         0x00000000        0x0 linker stubs

.iplt           0x08004838        0x0
 .iplt          0x00000000        0x0 ..\obj\ePaperDisplay.o

.rel.dyn        0x08004838        0x0
 .rel.iplt      0x00000000        0x0 ..\obj\ePaperDisplay.o

.ARM.extab
 *(.ARM.extab* .gnu.linkonce.armextab.*)
                0x08004838                __exidx_start = .

.ARM.exidx
 *(.ARM.exidx* .gnu.linkonce.armexidx.*)
                0x08004838                __exidx_end = .
                0x08004838                __etext = .
                0x08004838                _sidata = __etext

.data           0x20000000       0x14 load address 0x08004838
                0x20000000                __data_start__ = .
                0x20000000                _sdata = __data_start__
 *(vtable)
 *(.data*)
 .data          0x20000000       0x14 ..\obj\system_stm32f4xx.o
                0x20000000                SystemCoreClock
                0x20000004                AHBPrescTable
                0x20000014                . = ALIGN (0x4)
                0x20000014                PROVIDE (__preinit_array_start, .)
 *(.preinit_array)
                0x20000014                PROVIDE (__preinit_array_end, .)
                0x20000014                . = ALIGN (0x4)
                0x20000014                PROVIDE (__init_array_start, .)
 *(SORT(.init_array.*))
 *(.init_array)
                0x20000014                PROVIDE (__init_array_end, .)
                0x20000014                . = ALIGN (0x4)
                0x20000014                PROVIDE (__fini_array_start, .)
 *(SORT(.fini_array.*))
 *(.fini_array)
                0x20000014                PROVIDE (__fini_array_end, .)
 *(.jcr*)
                0x20000014                . = ALIGN (0x4)
                0x20000014                __data_end__ = .
                0x20000014                _edata = __data_end__

.igot.plt       0x20000014        0x0 load address 0x0800484c
 .igot.plt      0x00000000        0x0 ..\obj\ePaperDisplay.o

.bss            0x20000014        0x4 load address 0x0800484c
                0x20000014                . = ALIGN (0x4)
                0x20000014                __bss_start__ = .
                0x20000014                _sbss = __bss_start__
 *(.bss*)
 .bss           0x20000014        0x4 ..\obj\delay.o
 *(COMMON)
                0x20000018                . = ALIGN (0x4)
                0x20000018                __bss_end__ = .
                0x20000018                _ebss = __bss_end__

.heap           0x20000018        0x0
                0x20000018                __end__ = .
                0x20000018                _end = __end__
                0x20000018                end = __end__
 *(.heap*)
                0x20000018                __HeapLimit = .

.co_stack       0x20000018      0x800 load address 0x08004850
                0x20000018                . = ALIGN (0x8)
 *(.co_stack .co_stack.*)
 .co_stack      0x20000018      0x800 ..\obj\startup_stm32f4xx.o
                0x20000018                pulStack
                0x20020000                __StackTop = (ORIGIN (ram) + 0x20000)
                0x2001f800                __StackLimit = (__StackTop - SIZEOF (.co_stack))
                0x20020000                PROVIDE (__stack, __StackTop)
                0x00000001                ASSERT ((__StackLimit >= __HeapLimit), region ram  overflowed with stack)
LOAD ..\obj\ePaperDisplay.o
LOAD ..\obj\delay.o
LOAD ..\obj\mini_m4.o
LOAD ..\obj\startup_stm32f4xx.o
LOAD ..\obj\main.o
LOAD ..\obj\stm32f4xx_rcc.o
LOAD ..\obj\stm32f4xx_gpio.o
LOAD ..\obj\system_stm32f4xx.o
LOAD ..\obj\stm32f4xx_spi.o
LOAD ..\obj\stm32f4xx_i2c.o
LOAD ..\obj\misc.o
START GROUP
LOAD c:/program files (x86)/gnu tools arm embedded/4.9 2015q2/bin/../lib/gcc/arm-none-eabi/4.9.3/armv7e-m\libgcc.a
LOAD c:/program files (x86)/gnu tools arm embedded/4.9 2015q2/bin/../lib/gcc/arm-none-eabi/4.9.3/../../../../arm-none-eabi/lib/armv7e-m\libg.a
LOAD c:/program files (x86)/gnu tools arm embedded/4.9 2015q2/bin/../lib/gcc/arm-none-eabi/4.9.3/../../../../arm-none-eabi/lib/armv7e-m\libc.a
END GROUP
OUTPUT(ePaper_Mini-M4.elf elf32-littlearm)

.debug_info     0x00000000     0x3be5
 .debug_info    0x00000000      0x909 ..\obj\ePaperDisplay.o
 .debug_info    0x00000909      0x70f ..\obj\delay.o
 .debug_info    0x00001018      0x6d9 ..\obj\mini_m4.o
 .debug_info    0x000016f1       0xed ..\obj\startup_stm32f4xx.o
 .debug_info    0x000017de      0x11f ..\obj\main.o
 .debug_info    0x000018fd      0xc4d ..\obj\stm32f4xx_rcc.o
 .debug_info    0x0000254a      0x602 ..\obj\stm32f4xx_gpio.o
 .debug_info    0x00002b4c      0x592 ..\obj\system_stm32f4xx.o
 .debug_info    0x000030de      0xb07 ..\obj\stm32f4xx_spi.o

.debug_abbrev   0x00000000      0xc2f
 .debug_abbrev  0x00000000      0x166 ..\obj\ePaperDisplay.o
 .debug_abbrev  0x00000166      0x1be ..\obj\delay.o
 .debug_abbrev  0x00000324      0x188 ..\obj\mini_m4.o
 .debug_abbrev  0x000004ac       0xb0 ..\obj\startup_stm32f4xx.o
 .debug_abbrev  0x0000055c       0xb0 ..\obj\main.o
 .debug_abbrev  0x0000060c      0x1e3 ..\obj\stm32f4xx_rcc.o
 .debug_abbrev  0x000007ef      0x1a3 ..\obj\stm32f4xx_gpio.o
 .debug_abbrev  0x00000992      0x136 ..\obj\system_stm32f4xx.o
 .debug_abbrev  0x00000ac8      0x167 ..\obj\stm32f4xx_spi.o

.debug_aranges  0x00000000      0x540
 .debug_aranges
                0x00000000      0x108 ..\obj\ePaperDisplay.o
 .debug_aranges
                0x00000108       0x50 ..\obj\delay.o
 .debug_aranges
                0x00000158       0x88 ..\obj\mini_m4.o
 .debug_aranges
                0x000001e0       0x28 ..\obj\startup_stm32f4xx.o
 .debug_aranges
                0x00000208       0x28 ..\obj\main.o
 .debug_aranges
                0x00000230      0x178 ..\obj\stm32f4xx_rcc.o
 .debug_aranges
                0x000003a8       0x88 ..\obj\stm32f4xx_gpio.o
 .debug_aranges
                0x00000430       0x30 ..\obj\system_stm32f4xx.o
 .debug_aranges
                0x00000460       0xe0 ..\obj\stm32f4xx_spi.o

.debug_ranges   0x00000000      0x4b0
 .debug_ranges  0x00000000       0xf8 ..\obj\ePaperDisplay.o
 .debug_ranges  0x000000f8       0x40 ..\obj\delay.o
 .debug_ranges  0x00000138       0x78 ..\obj\mini_m4.o
 .debug_ranges  0x000001b0       0x18 ..\obj\startup_stm32f4xx.o
 .debug_ranges  0x000001c8       0x18 ..\obj\main.o
 .debug_ranges  0x000001e0      0x168 ..\obj\stm32f4xx_rcc.o
 .debug_ranges  0x00000348       0x78 ..\obj\stm32f4xx_gpio.o
 .debug_ranges  0x000003c0       0x20 ..\obj\system_stm32f4xx.o
 .debug_ranges  0x000003e0       0xd0 ..\obj\stm32f4xx_spi.o

.debug_line     0x00000000     0x1dd9
 .debug_line    0x00000000      0x5d3 ..\obj\ePaperDisplay.o
 .debug_line    0x000005d3      0x269 ..\obj\delay.o
 .debug_line    0x0000083c      0x394 ..\obj\mini_m4.o
 .debug_line    0x00000bd0       0xa3 ..\obj\startup_stm32f4xx.o
 .debug_line    0x00000c73      0x1e4 ..\obj\main.o
 .debug_line    0x00000e57      0x5b9 ..\obj\stm32f4xx_rcc.o
 .debug_line    0x00001410      0x35b ..\obj\stm32f4xx_gpio.o
 .debug_line    0x0000176b      0x204 ..\obj\system_stm32f4xx.o
 .debug_line    0x0000196f      0x46a ..\obj\stm32f4xx_spi.o

.debug_str      0x00000000     0x1bb5
 .debug_str     0x00000000      0x4e4 ..\obj\ePaperDisplay.o
                                0x536 (size before relaxing)
 .debug_str     0x000004e4      0x6b1 ..\obj\delay.o
                                0x7f9 (size before relaxing)
 .debug_str     0x00000b95      0x3a1 ..\obj\mini_m4.o
                                0x562 (size before relaxing)
 .debug_str     0x00000f36       0xb1 ..\obj\startup_stm32f4xx.o
                                0x148 (size before relaxing)
 .debug_str     0x00000fe7       0x45 ..\obj\main.o
                                0x193 (size before relaxing)
 .debug_str     0x0000102c      0x660 ..\obj\stm32f4xx_rcc.o
                                0x851 (size before relaxing)
 .debug_str     0x0000168c      0x178 ..\obj\stm32f4xx_gpio.o
                                0x4a4 (size before relaxing)
 .debug_str     0x00001804       0xb5 ..\obj\system_stm32f4xx.o
                                0x3ab (size before relaxing)
 .debug_str     0x000018b9      0x2fc ..\obj\stm32f4xx_spi.o
                                0x68b (size before relaxing)

.comment        0x00000000       0x70
 .comment       0x00000000       0x70 ..\obj\ePaperDisplay.o
                                 0x71 (size before relaxing)
 .comment       0x00000000       0x71 ..\obj\delay.o
 .comment       0x00000000       0x71 ..\obj\mini_m4.o
 .comment       0x00000000       0x71 ..\obj\startup_stm32f4xx.o
 .comment       0x00000000       0x71 ..\obj\main.o
 .comment       0x00000000       0x71 ..\obj\stm32f4xx_rcc.o
 .comment       0x00000000       0x71 ..\obj\stm32f4xx_gpio.o
 .comment       0x00000000       0x71 ..\obj\system_stm32f4xx.o
 .comment       0x00000000       0x71 ..\obj\stm32f4xx_spi.o

.ARM.attributes
                0x00000000       0x33
 .ARM.attributes
                0x00000000       0x33 ..\obj\ePaperDisplay.o
 .ARM.attributes
                0x00000033       0x33 ..\obj\delay.o
 .ARM.attributes
                0x00000066       0x33 ..\obj\mini_m4.o
 .ARM.attributes
                0x00000099       0x33 ..\obj\startup_stm32f4xx.o
 .ARM.attributes
                0x000000cc       0x33 ..\obj\main.o
 .ARM.attributes
                0x000000ff       0x33 ..\obj\stm32f4xx_rcc.o
 .ARM.attributes
                0x00000132       0x33 ..\obj\stm32f4xx_gpio.o
 .ARM.attributes
                0x00000165       0x33 ..\obj\system_stm32f4xx.o
 .ARM.attributes
                0x00000198       0x33 ..\obj\stm32f4xx_spi.o
 .ARM.attributes
                0x000001cb       0x2e c:/program files (x86)/gnu tools arm embedded/4.9 2015q2/bin/../lib/gcc/arm-none-eabi/4.9.3/../../../../arm-none-eabi/lib/armv7e-m\libg.a(lib_a-memset.o)

.debug_frame    0x00000000     0x159c
 .debug_frame   0x00000000      0x450 ..\obj\ePaperDisplay.o
 .debug_frame   0x00000450      0x104 ..\obj\delay.o
 .debug_frame   0x00000554      0x200 ..\obj\mini_m4.o
 .debug_frame   0x00000754       0x4c ..\obj\startup_stm32f4xx.o
 .debug_frame   0x000007a0       0x48 ..\obj\main.o
 .debug_frame   0x000007e8      0x6d4 ..\obj\stm32f4xx_rcc.o
 .debug_frame   0x00000ebc      0x23c ..\obj\stm32f4xx_gpio.o
 .debug_frame   0x000010f8       0x7c ..\obj\system_stm32f4xx.o
 .debug_frame   0x00001174      0x3f4 ..\obj\stm32f4xx_spi.o
 .debug_frame   0x00001568       0x34 c:/program files (x86)/gnu tools arm embedded/4.9 2015q2/bin/../lib/gcc/arm-none-eabi/4.9.3/../../../../arm-none-eabi/lib/armv7e-m\libg.a(lib_a-memset.o)
