
Discarded input sections

 .text          0x00000000        0x0 ..\obj\ePaperDisplay.o
 .data          0x00000000        0x0 ..\obj\ePaperDisplay.o
 .bss           0x00000000        0x0 ..\obj\ePaperDisplay.o
 .debug_line    0x00000000        0x0 ..\obj\ePaperDisplay.o
 .debug_str     0x00000000        0x0 ..\obj\ePaperDisplay.o
 .comment       0x00000000       0x71 ..\obj\ePaperDisplay.o
 .ARM.attributes
                0x00000000       0x33 ..\obj\ePaperDisplay.o
 .text          0x00000000        0x0 ..\obj\delay.o
 .data          0x00000000        0x0 ..\obj\delay.o
 .text.delay_nus
                0x00000000       0x28 ..\obj\delay.o
 .text.delay_nms
                0x00000000       0x20 ..\obj\delay.o
 .text          0x00000000        0x0 ..\obj\mini_m4.o
 .data          0x00000000        0x0 ..\obj\mini_m4.o
 .bss           0x00000000        0x0 ..\obj\mini_m4.o
 .text.ToggleLed
                0x00000000       0x2c ..\obj\mini_m4.o
 .text.ChangeLedState
                0x00000000       0x40 ..\obj\mini_m4.o
 .text.GPIOs_Init
                0x00000000       0x84 ..\obj\mini_m4.o
 .text.ChangePowerState
                0x00000000       0x20 ..\obj\mini_m4.o
 .text.ChangeResetState
                0x00000000       0x24 ..\obj\mini_m4.o
 .text.ChangeDischargeState
                0x00000000       0x24 ..\obj\mini_m4.o
 .text.ChangeBorderState
                0x00000000       0x24 ..\obj\mini_m4.o
 .text.IsBusy   0x00000000       0x18 ..\obj\mini_m4.o
 .text.SPI1_send
                0x00000000       0x5c ..\obj\mini_m4.o
 .text          0x00000000        0x0 ..\obj\startup_stm32f4xx.o
 .data          0x00000000        0x0 ..\obj\startup_stm32f4xx.o
 .bss           0x00000000        0x0 ..\obj\startup_stm32f4xx.o
 .text          0x00000000        0x0 ..\obj\main.o
 .data          0x00000000        0x0 ..\obj\main.o
 .bss           0x00000000        0x0 ..\obj\main.o
 .text          0x00000000        0x0 ..\obj\stm32f4xx_rcc.o
 .data          0x00000000       0x10 ..\obj\stm32f4xx_rcc.o
 .bss           0x00000000        0x0 ..\obj\stm32f4xx_rcc.o
 .text.RCC_DeInit
                0x00000000       0x50 ..\obj\stm32f4xx_rcc.o
 .text.RCC_HSEConfig
                0x00000000       0x24 ..\obj\stm32f4xx_rcc.o
 .text.RCC_WaitForHSEStartUp
                0x00000000       0x50 ..\obj\stm32f4xx_rcc.o
 .text.RCC_AdjustHSICalibrationValue
                0x00000000       0x3c ..\obj\stm32f4xx_rcc.o
 .text.RCC_HSICmd
                0x00000000       0x20 ..\obj\stm32f4xx_rcc.o
 .text.RCC_LSEConfig
                0x00000000       0x40 ..\obj\stm32f4xx_rcc.o
 .text.RCC_LSICmd
                0x00000000       0x20 ..\obj\stm32f4xx_rcc.o
 .text.RCC_PLLConfig
                0x00000000       0x3c ..\obj\stm32f4xx_rcc.o
 .text.RCC_PLLCmd
                0x00000000       0x20 ..\obj\stm32f4xx_rcc.o
 .text.RCC_PLLI2SConfig
                0x00000000       0x28 ..\obj\stm32f4xx_rcc.o
 .text.RCC_PLLI2SCmd
                0x00000000       0x20 ..\obj\stm32f4xx_rcc.o
 .text.RCC_ClockSecuritySystemCmd
                0x00000000       0x20 ..\obj\stm32f4xx_rcc.o
 .text.RCC_MCO1Config
                0x00000000       0x3c ..\obj\stm32f4xx_rcc.o
 .text.RCC_MCO2Config
                0x00000000       0x3c ..\obj\stm32f4xx_rcc.o
 .text.RCC_SYSCLKConfig
                0x00000000       0x38 ..\obj\stm32f4xx_rcc.o
 .text.RCC_GetSYSCLKSource
                0x00000000       0x20 ..\obj\stm32f4xx_rcc.o
 .text.RCC_HCLKConfig
                0x00000000       0x38 ..\obj\stm32f4xx_rcc.o
 .text.RCC_PCLK1Config
                0x00000000       0x38 ..\obj\stm32f4xx_rcc.o
 .text.RCC_PCLK2Config
                0x00000000       0x38 ..\obj\stm32f4xx_rcc.o
 .text.RCC_GetClocksFreq
                0x00000000      0x150 ..\obj\stm32f4xx_rcc.o
 .text.RCC_RTCCLKConfig
                0x00000000       0x5c ..\obj\stm32f4xx_rcc.o
 .text.RCC_RTCCLKCmd
                0x00000000       0x20 ..\obj\stm32f4xx_rcc.o
 .text.RCC_BackupResetCmd
                0x00000000       0x20 ..\obj\stm32f4xx_rcc.o
 .text.RCC_I2SCLKConfig
                0x00000000       0x1c ..\obj\stm32f4xx_rcc.o
 .text.RCC_AHB2PeriphClockCmd
                0x00000000       0x3c ..\obj\stm32f4xx_rcc.o
 .text.RCC_AHB3PeriphClockCmd
                0x00000000       0x3c ..\obj\stm32f4xx_rcc.o
 .text.RCC_APB1PeriphClockCmd
                0x00000000       0x3c ..\obj\stm32f4xx_rcc.o
 .text.RCC_AHB1PeriphResetCmd
                0x00000000       0x3c ..\obj\stm32f4xx_rcc.o
 .text.RCC_AHB2PeriphResetCmd
                0x00000000       0x3c ..\obj\stm32f4xx_rcc.o
 .text.RCC_AHB3PeriphResetCmd
                0x00000000       0x3c ..\obj\stm32f4xx_rcc.o
 .text.RCC_APB1PeriphResetCmd
                0x00000000       0x3c ..\obj\stm32f4xx_rcc.o
 .text.RCC_APB2PeriphResetCmd
                0x00000000       0x3c ..\obj\stm32f4xx_rcc.o
 .text.RCC_AHB1PeriphClockLPModeCmd
                0x00000000       0x3c ..\obj\stm32f4xx_rcc.o
 .text.RCC_AHB2PeriphClockLPModeCmd
                0x00000000       0x3c ..\obj\stm32f4xx_rcc.o
 .text.RCC_AHB3PeriphClockLPModeCmd
                0x00000000       0x3c ..\obj\stm32f4xx_rcc.o
 .text.RCC_APB1PeriphClockLPModeCmd
                0x00000000       0x3c ..\obj\stm32f4xx_rcc.o
 .text.RCC_APB2PeriphClockLPModeCmd
                0x00000000       0x3c ..\obj\stm32f4xx_rcc.o
 .text.RCC_ITConfig
                0x00000000       0x48 ..\obj\stm32f4xx_rcc.o
 .text.RCC_GetFlagStatus
                0x00000000       0x74 ..\obj\stm32f4xx_rcc.o
 .text.RCC_ClearFlag
                0x00000000       0x1c ..\obj\stm32f4xx_rcc.o
 .text.RCC_GetITStatus
                0x00000000       0x38 ..\obj\stm32f4xx_rcc.o
 .text.RCC_ClearITPendingBit
                0x00000000       0x20 ..\obj\stm32f4xx_rcc.o
 .text          0x00000000        0x0 ..\obj\stm32f4xx_gpio.o
 .data          0x00000000        0x0 ..\obj\stm32f4xx_gpio.o
 .bss           0x00000000        0x0 ..\obj\stm32f4xx_gpio.o
 .text.GPIO_DeInit
                0x00000000      0x120 ..\obj\stm32f4xx_gpio.o
 .text.GPIO_StructInit
                0x00000000       0x34 ..\obj\stm32f4xx_gpio.o
 .text.GPIO_PinLockConfig
                0x00000000       0x44 ..\obj\stm32f4xx_gpio.o
 .text.GPIO_ReadInputDataBit
                0x00000000       0x34 ..\obj\stm32f4xx_gpio.o
 .text.GPIO_ReadInputData
                0x00000000       0x1c ..\obj\stm32f4xx_gpio.o
 .text.GPIO_ReadOutputDataBit
                0x00000000       0x34 ..\obj\stm32f4xx_gpio.o
 .text.GPIO_ReadOutputData
                0x00000000       0x1c ..\obj\stm32f4xx_gpio.o
 .text.GPIO_ResetBits
                0x00000000       0x1c ..\obj\stm32f4xx_gpio.o
 .text.GPIO_Write
                0x00000000       0x1c ..\obj\stm32f4xx_gpio.o
 .text.GPIO_ToggleBits
                0x00000000       0x24 ..\obj\stm32f4xx_gpio.o
 .text          0x00000000        0x0 ..\obj\system_stm32f4xx.o
 .bss           0x00000000        0x0 ..\obj\system_stm32f4xx.o
 .text.SystemInit
                0x00000000       0x58 ..\obj\system_stm32f4xx.o
 .text.SystemCoreClockUpdate
                0x00000000       0xf4 ..\obj\system_stm32f4xx.o
 .text.SetSysClock
                0x00000000       0xf4 ..\obj\system_stm32f4xx.o
 .text          0x00000000        0x0 ..\obj\stm32f4xx_spi.o
 .data          0x00000000        0x0 ..\obj\stm32f4xx_spi.o
 .bss           0x00000000        0x0 ..\obj\stm32f4xx_spi.o
 .text.SPI_I2S_DeInit
                0x00000000       0x74 ..\obj\stm32f4xx_spi.o
 .text.I2S_Init
                0x00000000      0x1b0 ..\obj\stm32f4xx_spi.o
 .text.SPI_StructInit
                0x00000000       0x48 ..\obj\stm32f4xx_spi.o
 .text.I2S_StructInit
                0x00000000       0x38 ..\obj\stm32f4xx_spi.o
 .text.I2S_Cmd  0x00000000       0x40 ..\obj\stm32f4xx_spi.o
 .text.SPI_DataSizeConfig
                0x00000000       0x38 ..\obj\stm32f4xx_spi.o
 .text.SPI_BiDirectionalLineConfig
                0x00000000       0x40 ..\obj\stm32f4xx_spi.o
 .text.SPI_NSSInternalSoftwareConfig
                0x00000000       0x44 ..\obj\stm32f4xx_spi.o
 .text.SPI_SSOutputCmd
                0x00000000       0x40 ..\obj\stm32f4xx_spi.o
 .text.SPI_TIModeCmd
                0x00000000       0x40 ..\obj\stm32f4xx_spi.o
 .text.I2S_FullDuplexConfig
                0x00000000       0x9c ..\obj\stm32f4xx_spi.o
 .text.SPI_I2S_ReceiveData
                0x00000000       0x1c ..\obj\stm32f4xx_spi.o
 .text.SPI_I2S_SendData
                0x00000000       0x1c ..\obj\stm32f4xx_spi.o
 .text.SPI_CalculateCRC
                0x00000000       0x40 ..\obj\stm32f4xx_spi.o
 .text.SPI_TransmitCRC
                0x00000000       0x24 ..\obj\stm32f4xx_spi.o
 .text.SPI_GetCRC
                0x00000000       0x34 ..\obj\stm32f4xx_spi.o
 .text.SPI_GetCRCPolynomial
                0x00000000       0x1c ..\obj\stm32f4xx_spi.o
 .text.SPI_I2S_DMACmd
                0x00000000       0x48 ..\obj\stm32f4xx_spi.o
 .text.SPI_I2S_ITConfig
                0x00000000       0x60 ..\obj\stm32f4xx_spi.o
 .text.SPI_I2S_GetFlagStatus
                0x00000000       0x38 ..\obj\stm32f4xx_spi.o
 .text.SPI_I2S_ClearFlag
                0x00000000       0x20 ..\obj\stm32f4xx_spi.o
 .text.SPI_I2S_GetITStatus
                0x00000000       0x78 ..\obj\stm32f4xx_spi.o
 .text.SPI_I2S_ClearITPendingBit
                0x00000000       0x34 ..\obj\stm32f4xx_spi.o
 .text          0x00000000        0x0 ..\obj\stm32f4xx_i2c.o
 .data          0x00000000        0x0 ..\obj\stm32f4xx_i2c.o
 .bss           0x00000000        0x0 ..\obj\stm32f4xx_i2c.o
 .text.I2C_DeInit
                0x00000000       0x74 ..\obj\stm32f4xx_i2c.o
 .text.I2C_Init
                0x00000000      0x184 ..\obj\stm32f4xx_i2c.o
 .text.I2C_StructInit
                0x00000000       0x3c ..\obj\stm32f4xx_i2c.o
 .text.I2C_Cmd  0x00000000       0x40 ..\obj\stm32f4xx_i2c.o
 .text.I2C_GenerateSTART
                0x00000000       0x40 ..\obj\stm32f4xx_i2c.o
 .text.I2C_GenerateSTOP
                0x00000000       0x40 ..\obj\stm32f4xx_i2c.o
 .text.I2C_Send7bitAddress
                0x00000000       0x3c ..\obj\stm32f4xx_i2c.o
 .text.I2C_AcknowledgeConfig
                0x00000000       0x40 ..\obj\stm32f4xx_i2c.o
 .text.I2C_OwnAddress2Config
                0x00000000       0x40 ..\obj\stm32f4xx_i2c.o
 .text.I2C_DualAddressCmd
                0x00000000       0x40 ..\obj\stm32f4xx_i2c.o
 .text.I2C_GeneralCallCmd
                0x00000000       0x40 ..\obj\stm32f4xx_i2c.o
 .text.I2C_SoftwareResetCmd
                0x00000000       0x44 ..\obj\stm32f4xx_i2c.o
 .text.I2C_StretchClockCmd
                0x00000000       0x40 ..\obj\stm32f4xx_i2c.o
 .text.I2C_FastModeDutyCycleConfig
                0x00000000       0x40 ..\obj\stm32f4xx_i2c.o
 .text.I2C_NACKPositionConfig
                0x00000000       0x40 ..\obj\stm32f4xx_i2c.o
 .text.I2C_SMBusAlertConfig
                0x00000000       0x40 ..\obj\stm32f4xx_i2c.o
 .text.I2C_ARPCmd
                0x00000000       0x40 ..\obj\stm32f4xx_i2c.o
 .text.I2C_SendData
                0x00000000       0x20 ..\obj\stm32f4xx_i2c.o
 .text.I2C_ReceiveData
                0x00000000       0x1c ..\obj\stm32f4xx_i2c.o
 .text.I2C_TransmitPEC
                0x00000000       0x40 ..\obj\stm32f4xx_i2c.o
 .text.I2C_PECPositionConfig
                0x00000000       0x40 ..\obj\stm32f4xx_i2c.o
 .text.I2C_CalculatePEC
                0x00000000       0x40 ..\obj\stm32f4xx_i2c.o
 .text.I2C_GetPEC
                0x00000000       0x20 ..\obj\stm32f4xx_i2c.o
 .text.I2C_DMACmd
                0x00000000       0x40 ..\obj\stm32f4xx_i2c.o
 .text.I2C_DMALastTransferCmd
                0x00000000       0x40 ..\obj\stm32f4xx_i2c.o
 .text.I2C_ReadRegister
                0x00000000       0x30 ..\obj\stm32f4xx_i2c.o
 .text.I2C_ITConfig
                0x00000000       0x48 ..\obj\stm32f4xx_i2c.o
 .text.I2C_CheckEvent
                0x00000000       0x60 ..\obj\stm32f4xx_i2c.o
 .text.I2C_GetLastEvent
                0x00000000       0x44 ..\obj\stm32f4xx_i2c.o
 .text.I2C_GetFlagStatus
                0x00000000       0x68 ..\obj\stm32f4xx_i2c.o
 .text.I2C_ClearFlag
                0x00000000       0x2c ..\obj\stm32f4xx_i2c.o
 .text.I2C_GetITStatus
                0x00000000       0x5c ..\obj\stm32f4xx_i2c.o
 .text.I2C_ClearITPendingBit
                0x00000000       0x2c ..\obj\stm32f4xx_i2c.o
 .debug_info    0x00000000      0xaf4 ..\obj\stm32f4xx_i2c.o
 .debug_abbrev  0x00000000      0x164 ..\obj\stm32f4xx_i2c.o
 .debug_aranges
                0x00000000      0x120 ..\obj\stm32f4xx_i2c.o
 .debug_ranges  0x00000000      0x110 ..\obj\stm32f4xx_i2c.o
 .debug_line    0x00000000      0x4ee ..\obj\stm32f4xx_i2c.o
 .debug_str     0x00000000      0x666 ..\obj\stm32f4xx_i2c.o
 .comment       0x00000000       0x71 ..\obj\stm32f4xx_i2c.o
 .ARM.attributes
                0x00000000       0x33 ..\obj\stm32f4xx_i2c.o
 .debug_frame   0x00000000      0x3b4 ..\obj\stm32f4xx_i2c.o
 .text          0x00000000        0x0 ..\obj\misc.o
 .data          0x00000000        0x0 ..\obj\misc.o
 .bss           0x00000000        0x0 ..\obj\misc.o
 .text.NVIC_PriorityGroupConfig
                0x00000000       0x24 ..\obj\misc.o
 .text.NVIC_Init
                0x00000000       0xbc ..\obj\misc.o
 .text.NVIC_SetVectorTable
                0x00000000       0x2c ..\obj\misc.o
 .text.NVIC_SystemLPConfig
                0x00000000       0x40 ..\obj\misc.o
 .text.SysTick_CLKSourceConfig
                0x00000000       0x38 ..\obj\misc.o
 .debug_info    0x00000000      0x53d ..\obj\misc.o
 .debug_abbrev  0x00000000      0x145 ..\obj\misc.o
 .debug_aranges
                0x00000000       0x40 ..\obj\misc.o
 .debug_ranges  0x00000000       0x30 ..\obj\misc.o
 .debug_line    0x00000000      0x258 ..\obj\misc.o
 .debug_str     0x00000000      0x3cf ..\obj\misc.o
 .comment       0x00000000       0x71 ..\obj\misc.o
 .ARM.attributes
                0x00000000       0x33 ..\obj\misc.o
 .debug_frame   0x00000000       0x9c ..\obj\misc.o

Memory Configuration

Name             Origin             Length             Attributes
rom              0x08000000         0x00100000         xr
ram              0x20000000         0x00020000         xrw
ram1             0x10000000         0x00010000         xrw
*default*        0x00000000         0xffffffff

Linker script and memory map

                0x20020000                _eram = 0x20020000

.text           0x08000000      0x768
 *(.isr_vector)
 .isr_vector    0x08000000      0x188 ..\obj\startup_stm32f4xx.o
                0x08000000                g_pfnVectors
 *(.text*)
 .text.NVIC_SetPriority
                0x08000188       0x54 ..\obj\delay.o
 .text.SysTick_Config
                0x080001dc       0x44 ..\obj\delay.o
 .text.SysTick_Init
                0x08000220       0x28 ..\obj\delay.o
                0x08000220                SysTick_Init
 .text.TimeTick_Decrement
                0x08000248       0x34 ..\obj\delay.o
                0x08000248                TimeTick_Decrement
 .text.delay_1ms
                0x0800027c       0x24 ..\obj\delay.o
                0x0800027c                delay_1ms
 .text.LEDs_Init
                0x080002a0       0x38 ..\obj\mini_m4.o
                0x080002a0                LEDs_Init
 .text.SPI1_Init
                0x080002d8       0xc4 ..\obj\mini_m4.o
                0x080002d8                SPI1_Init
 .text.Default_Reset_Handler
                0x0800039c       0x5c ..\obj\startup_stm32f4xx.o
                0x0800039c                Default_Reset_Handler
                0x0800039c                Reset_Handler
 .text.Default_Handler
                0x080003f8        0x8 ..\obj\startup_stm32f4xx.o
                0x080003f8                RTC_Alarm_IRQHandler
                0x080003f8                HASH_RNG_IRQHandler
                0x080003f8                EXTI2_IRQHandler
                0x080003f8                TIM8_CC_IRQHandler
                0x080003f8                DebugMon_Handler
                0x080003f8                TIM1_CC_IRQHandler
                0x080003f8                DMA2_Stream5_IRQHandler
                0x080003f8                HardFault_Handler
                0x080003f8                DMA1_Stream5_IRQHandler
                0x080003f8                PVD_IRQHandler
                0x080003f8                SDIO_IRQHandler
                0x080003f8                TAMP_STAMP_IRQHandler
                0x080003f8                PendSV_Handler
                0x080003f8                NMI_Handler
                0x080003f8                CAN2_RX1_IRQHandler
                0x080003f8                EXTI3_IRQHandler
                0x080003f8                TIM8_TRG_COM_TIM14_IRQHandler
                0x080003f8                TIM1_UP_TIM10_IRQHandler
                0x080003f8                TIM8_UP_TIM13_IRQHandler
                0x080003f8                I2C3_ER_IRQHandler
                0x080003f8                EXTI0_IRQHandler
                0x080003f8                I2C2_EV_IRQHandler
                0x080003f8                DMA1_Stream2_IRQHandler
                0x080003f8                CAN1_RX0_IRQHandler
                0x080003f8                FPU_IRQHandler
                0x080003f8                OTG_HS_WKUP_IRQHandler
                0x080003f8                UsageFault_Handler
                0x080003f8                CAN2_SCE_IRQHandler
                0x080003f8                DMA2_Stream2_IRQHandler
                0x080003f8                SPI1_IRQHandler
                0x080003f8                TIM6_DAC_IRQHandler
                0x080003f8                TIM1_BRK_TIM9_IRQHandler
                0x080003f8                DCMI_IRQHandler
                0x080003f8                CAN2_RX0_IRQHandler
                0x080003f8                DMA2_Stream3_IRQHandler
                0x080003f8                USART6_IRQHandler
                0x080003f8                USART3_IRQHandler
                0x080003f8                CRYP_IRQHandler
                0x080003f8                CAN1_RX1_IRQHandler
                0x080003f8                UART5_IRQHandler
                0x080003f8                DMA2_Stream0_IRQHandler
                0x080003f8                TIM4_IRQHandler
                0x080003f8                I2C1_EV_IRQHandler
                0x080003f8                DMA1_Stream6_IRQHandler
                0x080003f8                DMA1_Stream1_IRQHandler
                0x080003f8                UART4_IRQHandler
                0x080003f8                TIM3_IRQHandler
                0x080003f8                RCC_IRQHandler
                0x080003f8                TIM8_BRK_TIM12_IRQHandler
                0x080003f8                EXTI15_10_IRQHandler
                0x080003f8                ADC_IRQHandler
                0x080003f8                DMA1_Stream7_IRQHandler
                0x080003f8                TIM7_IRQHandler
                0x080003f8                CAN2_TX_IRQHandler
                0x080003f8                TIM5_IRQHandler
                0x080003f8                DMA2_Stream7_IRQHandler
                0x080003f8                I2C3_EV_IRQHandler
                0x080003f8                EXTI9_5_IRQHandler
                0x080003f8                RTC_WKUP_IRQHandler
                0x080003f8                ETH_WKUP_IRQHandler
                0x080003f8                SPI2_IRQHandler
                0x080003f8                OTG_HS_EP1_IN_IRQHandler
                0x080003f8                MemManage_Handler
                0x080003f8                DMA1_Stream0_IRQHandler
                0x080003f8                CAN1_TX_IRQHandler
                0x080003f8                SVC_Handler
                0x080003f8                EXTI4_IRQHandler
                0x080003f8                FSMC_IRQHandler
                0x080003f8                ETH_IRQHandler
                0x080003f8                OTG_HS_EP1_OUT_IRQHandler
                0x080003f8                WWDG_IRQHandler
                0x080003f8                TIM2_IRQHandler
                0x080003f8                OTG_FS_WKUP_IRQHandler
                0x080003f8                TIM1_TRG_COM_TIM11_IRQHandler
                0x080003f8                OTG_HS_IRQHandler
                0x080003f8                EXTI1_IRQHandler
                0x080003f8                USART2_IRQHandler
                0x080003f8                I2C2_ER_IRQHandler
                0x080003f8                DMA2_Stream1_IRQHandler
                0x080003f8                CAN1_SCE_IRQHandler
                0x080003f8                FLASH_IRQHandler
                0x080003f8                DMA2_Stream4_IRQHandler
                0x080003f8                BusFault_Handler
                0x080003f8                USART1_IRQHandler
                0x080003f8                OTG_FS_IRQHandler
                0x080003f8                SPI3_IRQHandler
                0x080003f8                DMA1_Stream4_IRQHandler
                0x080003f8                I2C1_ER_IRQHandler
                0x080003f8                DMA2_Stream6_IRQHandler
                0x080003f8                DMA1_Stream3_IRQHandler
 .text.main     0x08000400       0x28 ..\obj\main.o
                0x08000400                main
 .text.SysTick_Handler
                0x08000428        0xc ..\obj\main.o
                0x08000428                SysTick_Handler
 .text.RCC_AHB1PeriphClockCmd
                0x08000434       0x3c ..\obj\stm32f4xx_rcc.o
                0x08000434                RCC_AHB1PeriphClockCmd
 .text.RCC_APB2PeriphClockCmd
                0x08000470       0x3c ..\obj\stm32f4xx_rcc.o
                0x08000470                RCC_APB2PeriphClockCmd
 .text.GPIO_Init
                0x080004ac      0x11c ..\obj\stm32f4xx_gpio.o
                0x080004ac                GPIO_Init
 .text.GPIO_SetBits
                0x080005c8       0x1c ..\obj\stm32f4xx_gpio.o
                0x080005c8                GPIO_SetBits
 .text.GPIO_WriteBit
                0x080005e4       0x30 ..\obj\stm32f4xx_gpio.o
                0x080005e4                GPIO_WriteBit
 .text.GPIO_PinAFConfig
                0x08000614       0x8c ..\obj\stm32f4xx_gpio.o
                0x08000614                GPIO_PinAFConfig
 .text.SPI_Init
                0x080006a0       0x88 ..\obj\stm32f4xx_spi.o
                0x080006a0                SPI_Init
 .text.SPI_Cmd  0x08000728       0x40 ..\obj\stm32f4xx_spi.o
                0x08000728                SPI_Cmd
 *(.init)
 *(.fini)
 *crtbegin.o(.ctors)
 *crtbegin?.o(.ctors)
 *(EXCLUDE_FILE(*crtend.o *crtend?.o) .ctors)
 *(SORT(.ctors.*))
 *(.ctors)
 *crtbegin.o(.dtors)
 *crtbegin?.o(.dtors)
 *(EXCLUDE_FILE(*crtend.o *crtend?.o) .dtors)
 *(SORT(.dtors.*))
 *(.dtors)
 *(.rodata*)
 *(.eh_fram e*)

.glue_7         0x08000768        0x0
 .glue_7        0x00000000        0x0 linker stubs

.glue_7t        0x08000768        0x0
 .glue_7t       0x00000000        0x0 linker stubs

.vfp11_veneer   0x08000768        0x0
 .vfp11_veneer  0x00000000        0x0 linker stubs

.v4_bx          0x08000768        0x0
 .v4_bx         0x00000000        0x0 linker stubs

.iplt           0x08000768        0x0
 .iplt          0x00000000        0x0 ..\obj\delay.o

.rel.dyn        0x08000768        0x0
 .rel.iplt      0x00000000        0x0 ..\obj\delay.o

.ARM.extab
 *(.ARM.extab* .gnu.linkonce.armextab.*)
                0x08000768                __exidx_start = .

.ARM.exidx
 *(.ARM.exidx* .gnu.linkonce.armexidx.*)
                0x08000768                __exidx_end = .
                0x08000768                __etext = .
                0x08000768                _sidata = __etext

.data           0x20000000       0x14 load address 0x08000768
                0x20000000                __data_start__ = .
                0x20000000                _sdata = __data_start__
 *(vtable)
 *(.data*)
 .data          0x20000000       0x14 ..\obj\system_stm32f4xx.o
                0x20000000                SystemCoreClock
                0x20000004                AHBPrescTable
                0x20000014                . = ALIGN (0x4)
                0x20000014                PROVIDE (__preinit_array_start, .)
 *(.preinit_array)
                0x20000014                PROVIDE (__preinit_array_end, .)
                0x20000014                . = ALIGN (0x4)
                0x20000014                PROVIDE (__init_array_start, .)
 *(SORT(.init_array.*))
 *(.init_array)
                0x20000014                PROVIDE (__init_array_end, .)
                0x20000014                . = ALIGN (0x4)
                0x20000014                PROVIDE (__fini_array_start, .)
 *(SORT(.fini_array.*))
 *(.fini_array)
                0x20000014                PROVIDE (__fini_array_end, .)
 *(.jcr*)
                0x20000014                . = ALIGN (0x4)
                0x20000014                __data_end__ = .
                0x20000014                _edata = __data_end__

.igot.plt       0x20000014        0x0 load address 0x0800077c
 .igot.plt      0x00000000        0x0 ..\obj\delay.o

.bss            0x20000014        0x4 load address 0x0800077c
                0x20000014                . = ALIGN (0x4)
                0x20000014                __bss_start__ = .
                0x20000014                _sbss = __bss_start__
 *(.bss*)
 .bss           0x20000014        0x4 ..\obj\delay.o
 *(COMMON)
                0x20000018                . = ALIGN (0x4)
                0x20000018                __bss_end__ = .
                0x20000018                _ebss = __bss_end__

.heap           0x20000018        0x0
                0x20000018                __end__ = .
                0x20000018                _end = __end__
                0x20000018                end = __end__
 *(.heap*)
                0x20000018                __HeapLimit = .

.co_stack       0x20000018      0x800 load address 0x08000780
                0x20000018                . = ALIGN (0x8)
 *(.co_stack .co_stack.*)
 .co_stack      0x20000018      0x800 ..\obj\startup_stm32f4xx.o
                0x20000018                pulStack
                0x20020000                __StackTop = (ORIGIN (ram) + 0x20000)
                0x2001f800                __StackLimit = (__StackTop - SIZEOF (.co_stack))
                0x20020000                PROVIDE (__stack, __StackTop)
                0x00000001                ASSERT ((__StackLimit >= __HeapLimit), region ram  overflowed with stack)
LOAD ..\obj\ePaperDisplay.o
LOAD ..\obj\delay.o
LOAD ..\obj\mini_m4.o
LOAD ..\obj\startup_stm32f4xx.o
LOAD ..\obj\main.o
LOAD ..\obj\stm32f4xx_rcc.o
LOAD ..\obj\stm32f4xx_gpio.o
LOAD ..\obj\system_stm32f4xx.o
LOAD ..\obj\stm32f4xx_spi.o
LOAD ..\obj\stm32f4xx_i2c.o
LOAD ..\obj\misc.o
START GROUP
LOAD c:/program files (x86)/gnu tools arm embedded/4.8 2014q3/bin/../lib/gcc/arm-none-eabi/4.8.4/armv7e-m\libgcc.a
LOAD c:/program files (x86)/gnu tools arm embedded/4.8 2014q3/bin/../lib/gcc/arm-none-eabi/4.8.4/../../../../arm-none-eabi/lib/armv7e-m\libg.a
LOAD c:/program files (x86)/gnu tools arm embedded/4.8 2014q3/bin/../lib/gcc/arm-none-eabi/4.8.4/../../../../arm-none-eabi/lib/armv7e-m\libc.a
END GROUP
OUTPUT(ePaper_Mini-M4.elf elf32-littlearm)

.debug_info     0x00000000     0x335c
 .debug_info    0x00000000      0x7c7 ..\obj\delay.o
 .debug_info    0x000007c7      0x60c ..\obj\mini_m4.o
 .debug_info    0x00000dd3       0xed ..\obj\startup_stm32f4xx.o
 .debug_info    0x00000ec0      0x1b4 ..\obj\main.o
 .debug_info    0x00001074      0xc4d ..\obj\stm32f4xx_rcc.o
 .debug_info    0x00001cc1      0x602 ..\obj\stm32f4xx_gpio.o
 .debug_info    0x000022c3      0x592 ..\obj\system_stm32f4xx.o
 .debug_info    0x00002855      0xb07 ..\obj\stm32f4xx_spi.o

.debug_abbrev   0x00000000      0xaef
 .debug_abbrev  0x00000000      0x1be ..\obj\delay.o
 .debug_abbrev  0x000001be      0x17f ..\obj\mini_m4.o
 .debug_abbrev  0x0000033d       0xb0 ..\obj\startup_stm32f4xx.o
 .debug_abbrev  0x000003ed       0xdf ..\obj\main.o
 .debug_abbrev  0x000004cc      0x1e3 ..\obj\stm32f4xx_rcc.o
 .debug_abbrev  0x000006af      0x1a3 ..\obj\stm32f4xx_gpio.o
 .debug_abbrev  0x00000852      0x136 ..\obj\system_stm32f4xx.o
 .debug_abbrev  0x00000988      0x167 ..\obj\stm32f4xx_spi.o

.debug_aranges  0x00000000      0x420
 .debug_aranges
                0x00000000       0x50 ..\obj\delay.o
 .debug_aranges
                0x00000050       0x70 ..\obj\mini_m4.o
 .debug_aranges
                0x000000c0       0x28 ..\obj\startup_stm32f4xx.o
 .debug_aranges
                0x000000e8       0x28 ..\obj\main.o
 .debug_aranges
                0x00000110      0x178 ..\obj\stm32f4xx_rcc.o
 .debug_aranges
                0x00000288       0x88 ..\obj\stm32f4xx_gpio.o
 .debug_aranges
                0x00000310       0x30 ..\obj\system_stm32f4xx.o
 .debug_aranges
                0x00000340       0xe0 ..\obj\stm32f4xx_spi.o

.debug_ranges   0x00000000      0x3a0
 .debug_ranges  0x00000000       0x40 ..\obj\delay.o
 .debug_ranges  0x00000040       0x60 ..\obj\mini_m4.o
 .debug_ranges  0x000000a0       0x18 ..\obj\startup_stm32f4xx.o
 .debug_ranges  0x000000b8       0x18 ..\obj\main.o
 .debug_ranges  0x000000d0      0x168 ..\obj\stm32f4xx_rcc.o
 .debug_ranges  0x00000238       0x78 ..\obj\stm32f4xx_gpio.o
 .debug_ranges  0x000002b0       0x20 ..\obj\system_stm32f4xx.o
 .debug_ranges  0x000002d0       0xd0 ..\obj\stm32f4xx_spi.o

.debug_line     0x00000000     0x17a5
 .debug_line    0x00000000      0x269 ..\obj\delay.o
 .debug_line    0x00000269      0x32d ..\obj\mini_m4.o
 .debug_line    0x00000596       0xa2 ..\obj\startup_stm32f4xx.o
 .debug_line    0x00000638      0x211 ..\obj\main.o
 .debug_line    0x00000849      0x5ad ..\obj\stm32f4xx_rcc.o
 .debug_line    0x00000df6      0x352 ..\obj\stm32f4xx_gpio.o
 .debug_line    0x00001148      0x1f8 ..\obj\system_stm32f4xx.o
 .debug_line    0x00001340      0x465 ..\obj\stm32f4xx_spi.o

.debug_str      0x00000000     0x17b1
 .debug_str     0x00000000      0x7eb ..\obj\delay.o
                                0x846 (size before relaxing)
 .debug_str     0x000007eb      0x347 ..\obj\mini_m4.o
                                0x521 (size before relaxing)
 .debug_str     0x00000b32       0xb1 ..\obj\startup_stm32f4xx.o
                                0x148 (size before relaxing)
 .debug_str     0x00000be3       0x45 ..\obj\main.o
                                0x1e0 (size before relaxing)
 .debug_str     0x00000c28      0x660 ..\obj\stm32f4xx_rcc.o
                                0x851 (size before relaxing)
 .debug_str     0x00001288      0x178 ..\obj\stm32f4xx_gpio.o
                                0x4a4 (size before relaxing)
 .debug_str     0x00001400       0xb5 ..\obj\system_stm32f4xx.o
                                0x3ab (size before relaxing)
 .debug_str     0x000014b5      0x2fc ..\obj\stm32f4xx_spi.o
                                0x68b (size before relaxing)

.comment        0x00000000       0x70
 .comment       0x00000000       0x70 ..\obj\delay.o
                                 0x71 (size before relaxing)
 .comment       0x00000000       0x71 ..\obj\mini_m4.o
 .comment       0x00000000       0x71 ..\obj\startup_stm32f4xx.o
 .comment       0x00000000       0x71 ..\obj\main.o
 .comment       0x00000000       0x71 ..\obj\stm32f4xx_rcc.o
 .comment       0x00000000       0x71 ..\obj\stm32f4xx_gpio.o
 .comment       0x00000000       0x71 ..\obj\system_stm32f4xx.o
 .comment       0x00000000       0x71 ..\obj\stm32f4xx_spi.o

.ARM.attributes
                0x00000000       0x33
 .ARM.attributes
                0x00000000       0x33 ..\obj\delay.o
 .ARM.attributes
                0x00000033       0x33 ..\obj\mini_m4.o
 .ARM.attributes
                0x00000066       0x33 ..\obj\startup_stm32f4xx.o
 .ARM.attributes
                0x00000099       0x33 ..\obj\main.o
 .ARM.attributes
                0x000000cc       0x33 ..\obj\stm32f4xx_rcc.o
 .ARM.attributes
                0x000000ff       0x33 ..\obj\stm32f4xx_gpio.o
 .ARM.attributes
                0x00000132       0x33 ..\obj\system_stm32f4xx.o
 .ARM.attributes
                0x00000165       0x33 ..\obj\stm32f4xx_spi.o

.debug_frame    0x00000000      0xc74
 .debug_frame   0x00000000       0xd4 ..\obj\delay.o
 .debug_frame   0x000000d4      0x168 ..\obj\mini_m4.o
 .debug_frame   0x0000023c       0x48 ..\obj\startup_stm32f4xx.o
 .debug_frame   0x00000284       0x48 ..\obj\main.o
 .debug_frame   0x000002cc      0x4d8 ..\obj\stm32f4xx_rcc.o
 .debug_frame   0x000007a4      0x19c ..\obj\stm32f4xx_gpio.o
 .debug_frame   0x00000940       0x64 ..\obj\system_stm32f4xx.o
 .debug_frame   0x000009a4      0x2d0 ..\obj\stm32f4xx_spi.o
