Archive member included because of file (symbol)

c:/program files (x86)/gnu tools arm embedded/4.9 2015q3/bin/../lib/gcc/arm-none-eabi/4.9.3/../../../../arm-none-eabi/lib/armv7e-m\libg.a(lib_a-memset.o)
                              ..\obj\ePaperDisplay.o (memset)

Discarded input sections

 .text          0x00000000        0x0 ..\obj\ePaperDisplay.o
 .data          0x00000000     0x16b0 ..\obj\ePaperDisplay.o
 .bss           0x00000000        0x0 ..\obj\ePaperDisplay.o
 .text          0x00000000        0x0 ..\obj\delay.o
 .data          0x00000000        0x0 ..\obj\delay.o
 .text          0x00000000        0x0 ..\obj\mini_m4.o
 .data          0x00000000        0x0 ..\obj\mini_m4.o
 .bss           0x00000000        0x0 ..\obj\mini_m4.o
 .text.ToggleLed
                0x00000000       0x2c ..\obj\mini_m4.o
 .text          0x00000000        0x0 ..\obj\startup_stm32f4xx.o
 .data          0x00000000        0x0 ..\obj\startup_stm32f4xx.o
 .bss           0x00000000        0x0 ..\obj\startup_stm32f4xx.o
 .text          0x00000000        0x0 ..\obj\main.o
 .bss           0x00000000        0x0 ..\obj\main.o
 .rodata        0x00000000      0x100 ..\obj\main.o
 .text          0x00000000        0x0 ..\obj\stm32f4xx_rcc.o
 .data          0x00000000       0x10 ..\obj\stm32f4xx_rcc.o
 .bss           0x00000000        0x0 ..\obj\stm32f4xx_rcc.o
 .text.RCC_DeInit
                0x00000000       0x50 ..\obj\stm32f4xx_rcc.o
 .text.RCC_HSEConfig
                0x00000000       0x24 ..\obj\stm32f4xx_rcc.o
 .text.RCC_WaitForHSEStartUp
                0x00000000       0x50 ..\obj\stm32f4xx_rcc.o
 .text.RCC_AdjustHSICalibrationValue
                0x00000000       0x3c ..\obj\stm32f4xx_rcc.o
 .text.RCC_HSICmd
                0x00000000       0x20 ..\obj\stm32f4xx_rcc.o
 .text.RCC_LSEConfig
                0x00000000       0x40 ..\obj\stm32f4xx_rcc.o
 .text.RCC_LSICmd
                0x00000000       0x20 ..\obj\stm32f4xx_rcc.o
 .text.RCC_PLLConfig
                0x00000000       0x3c ..\obj\stm32f4xx_rcc.o
 .text.RCC_PLLCmd
                0x00000000       0x20 ..\obj\stm32f4xx_rcc.o
 .text.RCC_PLLI2SConfig
                0x00000000       0x28 ..\obj\stm32f4xx_rcc.o
 .text.RCC_PLLI2SCmd
                0x00000000       0x20 ..\obj\stm32f4xx_rcc.o
 .text.RCC_ClockSecuritySystemCmd
                0x00000000       0x20 ..\obj\stm32f4xx_rcc.o
 .text.RCC_MCO1Config
                0x00000000       0x3c ..\obj\stm32f4xx_rcc.o
 .text.RCC_MCO2Config
                0x00000000       0x3c ..\obj\stm32f4xx_rcc.o
 .text.RCC_SYSCLKConfig
                0x00000000       0x38 ..\obj\stm32f4xx_rcc.o
 .text.RCC_GetSYSCLKSource
                0x00000000       0x20 ..\obj\stm32f4xx_rcc.o
 .text.RCC_HCLKConfig
                0x00000000       0x38 ..\obj\stm32f4xx_rcc.o
 .text.RCC_PCLK1Config
                0x00000000       0x38 ..\obj\stm32f4xx_rcc.o
 .text.RCC_PCLK2Config
                0x00000000       0x38 ..\obj\stm32f4xx_rcc.o
 .text.RCC_GetClocksFreq
                0x00000000      0x150 ..\obj\stm32f4xx_rcc.o
 .text.RCC_RTCCLKConfig
                0x00000000       0x5c ..\obj\stm32f4xx_rcc.o
 .text.RCC_RTCCLKCmd
                0x00000000       0x20 ..\obj\stm32f4xx_rcc.o
 .text.RCC_BackupResetCmd
                0x00000000       0x20 ..\obj\stm32f4xx_rcc.o
 .text.RCC_I2SCLKConfig
                0x00000000       0x1c ..\obj\stm32f4xx_rcc.o
 .text.RCC_AHB2PeriphClockCmd
                0x00000000       0x3c ..\obj\stm32f4xx_rcc.o
 .text.RCC_AHB3PeriphClockCmd
                0x00000000       0x3c ..\obj\stm32f4xx_rcc.o
 .text.RCC_APB1PeriphClockCmd
                0x00000000       0x3c ..\obj\stm32f4xx_rcc.o
 .text.RCC_AHB1PeriphResetCmd
                0x00000000       0x3c ..\obj\stm32f4xx_rcc.o
 .text.RCC_AHB2PeriphResetCmd
                0x00000000       0x3c ..\obj\stm32f4xx_rcc.o
 .text.RCC_AHB3PeriphResetCmd
                0x00000000       0x3c ..\obj\stm32f4xx_rcc.o
 .text.RCC_APB1PeriphResetCmd
                0x00000000       0x3c ..\obj\stm32f4xx_rcc.o
 .text.RCC_APB2PeriphResetCmd
                0x00000000       0x3c ..\obj\stm32f4xx_rcc.o
 .text.RCC_AHB1PeriphClockLPModeCmd
                0x00000000       0x3c ..\obj\stm32f4xx_rcc.o
 .text.RCC_AHB2PeriphClockLPModeCmd
                0x00000000       0x3c ..\obj\stm32f4xx_rcc.o
 .text.RCC_AHB3PeriphClockLPModeCmd
                0x00000000       0x3c ..\obj\stm32f4xx_rcc.o
 .text.RCC_APB1PeriphClockLPModeCmd
                0x00000000       0x3c ..\obj\stm32f4xx_rcc.o
 .text.RCC_APB2PeriphClockLPModeCmd
                0x00000000       0x3c ..\obj\stm32f4xx_rcc.o
 .text.RCC_ITConfig
                0x00000000       0x4c ..\obj\stm32f4xx_rcc.o
 .text.RCC_GetFlagStatus
                0x00000000       0x74 ..\obj\stm32f4xx_rcc.o
 .text.RCC_ClearFlag
                0x00000000       0x1c ..\obj\stm32f4xx_rcc.o
 .text.RCC_GetITStatus
                0x00000000       0x38 ..\obj\stm32f4xx_rcc.o
 .text.RCC_ClearITPendingBit
                0x00000000       0x20 ..\obj\stm32f4xx_rcc.o
 .text          0x00000000        0x0 ..\obj\stm32f4xx_gpio.o
 .data          0x00000000        0x0 ..\obj\stm32f4xx_gpio.o
 .bss           0x00000000        0x0 ..\obj\stm32f4xx_gpio.o
 .text.GPIO_DeInit
                0x00000000      0x120 ..\obj\stm32f4xx_gpio.o
 .text.GPIO_StructInit
                0x00000000       0x34 ..\obj\stm32f4xx_gpio.o
 .text.GPIO_PinLockConfig
                0x00000000       0x44 ..\obj\stm32f4xx_gpio.o
 .text.GPIO_ReadInputData
                0x00000000       0x1c ..\obj\stm32f4xx_gpio.o
 .text.GPIO_ReadOutputDataBit
                0x00000000       0x34 ..\obj\stm32f4xx_gpio.o
 .text.GPIO_ReadOutputData
                0x00000000       0x1c ..\obj\stm32f4xx_gpio.o
 .text.GPIO_Write
                0x00000000       0x1c ..\obj\stm32f4xx_gpio.o
 .text.GPIO_ToggleBits
                0x00000000       0x24 ..\obj\stm32f4xx_gpio.o
 .text          0x00000000        0x0 ..\obj\system_stm32f4xx.o
 .bss           0x00000000        0x0 ..\obj\system_stm32f4xx.o
 .text.SystemCoreClockUpdate
                0x00000000       0xf4 ..\obj\system_stm32f4xx.o
 .text          0x00000000        0x0 ..\obj\stm32f4xx_spi.o
 .data          0x00000000        0x0 ..\obj\stm32f4xx_spi.o
 .bss           0x00000000        0x0 ..\obj\stm32f4xx_spi.o
 .text.SPI_I2S_DeInit
                0x00000000       0x74 ..\obj\stm32f4xx_spi.o
 .text.I2S_Init
                0x00000000      0x1b4 ..\obj\stm32f4xx_spi.o
 .text.SPI_StructInit
                0x00000000       0x48 ..\obj\stm32f4xx_spi.o
 .text.I2S_StructInit
                0x00000000       0x38 ..\obj\stm32f4xx_spi.o
 .text.I2S_Cmd  0x00000000       0x40 ..\obj\stm32f4xx_spi.o
 .text.SPI_DataSizeConfig
                0x00000000       0x38 ..\obj\stm32f4xx_spi.o
 .text.SPI_BiDirectionalLineConfig
                0x00000000       0x40 ..\obj\stm32f4xx_spi.o
 .text.SPI_NSSInternalSoftwareConfig
                0x00000000       0x44 ..\obj\stm32f4xx_spi.o
 .text.SPI_SSOutputCmd
                0x00000000       0x40 ..\obj\stm32f4xx_spi.o
 .text.SPI_TIModeCmd
                0x00000000       0x40 ..\obj\stm32f4xx_spi.o
 .text.I2S_FullDuplexConfig
                0x00000000       0x9c ..\obj\stm32f4xx_spi.o
 .text.SPI_CalculateCRC
                0x00000000       0x40 ..\obj\stm32f4xx_spi.o
 .text.SPI_TransmitCRC
                0x00000000       0x24 ..\obj\stm32f4xx_spi.o
 .text.SPI_GetCRC
                0x00000000       0x34 ..\obj\stm32f4xx_spi.o
 .text.SPI_GetCRCPolynomial
                0x00000000       0x1c ..\obj\stm32f4xx_spi.o
 .text.SPI_I2S_DMACmd
                0x00000000       0x48 ..\obj\stm32f4xx_spi.o
 .text.SPI_I2S_ITConfig
                0x00000000       0x60 ..\obj\stm32f4xx_spi.o
 .text.SPI_I2S_ClearFlag
                0x00000000       0x20 ..\obj\stm32f4xx_spi.o
 .text.SPI_I2S_GetITStatus
                0x00000000       0x78 ..\obj\stm32f4xx_spi.o
 .text.SPI_I2S_ClearITPendingBit
                0x00000000       0x34 ..\obj\stm32f4xx_spi.o
 .text          0x00000000        0x0 ..\obj\stm32f4xx_i2c.o
 .data          0x00000000        0x0 ..\obj\stm32f4xx_i2c.o
 .bss           0x00000000        0x0 ..\obj\stm32f4xx_i2c.o
 .text.I2C_DeInit
                0x00000000       0x74 ..\obj\stm32f4xx_i2c.o
 .text.I2C_Init
                0x00000000      0x184 ..\obj\stm32f4xx_i2c.o
 .text.I2C_StructInit
                0x00000000       0x3c ..\obj\stm32f4xx_i2c.o
 .text.I2C_Cmd  0x00000000       0x40 ..\obj\stm32f4xx_i2c.o
 .text.I2C_GenerateSTART
                0x00000000       0x40 ..\obj\stm32f4xx_i2c.o
 .text.I2C_GenerateSTOP
                0x00000000       0x40 ..\obj\stm32f4xx_i2c.o
 .text.I2C_Send7bitAddress
                0x00000000       0x3c ..\obj\stm32f4xx_i2c.o
 .text.I2C_AcknowledgeConfig
                0x00000000       0x40 ..\obj\stm32f4xx_i2c.o
 .text.I2C_OwnAddress2Config
                0x00000000       0x40 ..\obj\stm32f4xx_i2c.o
 .text.I2C_DualAddressCmd
                0x00000000       0x40 ..\obj\stm32f4xx_i2c.o
 .text.I2C_GeneralCallCmd
                0x00000000       0x40 ..\obj\stm32f4xx_i2c.o
 .text.I2C_SoftwareResetCmd
                0x00000000       0x44 ..\obj\stm32f4xx_i2c.o
 .text.I2C_StretchClockCmd
                0x00000000       0x40 ..\obj\stm32f4xx_i2c.o
 .text.I2C_FastModeDutyCycleConfig
                0x00000000       0x40 ..\obj\stm32f4xx_i2c.o
 .text.I2C_NACKPositionConfig
                0x00000000       0x40 ..\obj\stm32f4xx_i2c.o
 .text.I2C_SMBusAlertConfig
                0x00000000       0x40 ..\obj\stm32f4xx_i2c.o
 .text.I2C_ARPCmd
                0x00000000       0x40 ..\obj\stm32f4xx_i2c.o
 .text.I2C_SendData
                0x00000000       0x20 ..\obj\stm32f4xx_i2c.o
 .text.I2C_ReceiveData
                0x00000000       0x1c ..\obj\stm32f4xx_i2c.o
 .text.I2C_TransmitPEC
                0x00000000       0x40 ..\obj\stm32f4xx_i2c.o
 .text.I2C_PECPositionConfig
                0x00000000       0x40 ..\obj\stm32f4xx_i2c.o
 .text.I2C_CalculatePEC
                0x00000000       0x40 ..\obj\stm32f4xx_i2c.o
 .text.I2C_GetPEC
                0x00000000       0x20 ..\obj\stm32f4xx_i2c.o
 .text.I2C_DMACmd
                0x00000000       0x40 ..\obj\stm32f4xx_i2c.o
 .text.I2C_DMALastTransferCmd
                0x00000000       0x40 ..\obj\stm32f4xx_i2c.o
 .text.I2C_ReadRegister
                0x00000000       0x30 ..\obj\stm32f4xx_i2c.o
 .text.I2C_ITConfig
                0x00000000       0x48 ..\obj\stm32f4xx_i2c.o
 .text.I2C_CheckEvent
                0x00000000       0x60 ..\obj\stm32f4xx_i2c.o
 .text.I2C_GetLastEvent
                0x00000000       0x44 ..\obj\stm32f4xx_i2c.o
 .text.I2C_GetFlagStatus
                0x00000000       0x68 ..\obj\stm32f4xx_i2c.o
 .text.I2C_ClearFlag
                0x00000000       0x2c ..\obj\stm32f4xx_i2c.o
 .text.I2C_GetITStatus
                0x00000000       0x5c ..\obj\stm32f4xx_i2c.o
 .text.I2C_ClearITPendingBit
                0x00000000       0x2c ..\obj\stm32f4xx_i2c.o
 .debug_info    0x00000000      0xaf4 ..\obj\stm32f4xx_i2c.o
 .debug_abbrev  0x00000000      0x164 ..\obj\stm32f4xx_i2c.o
 .debug_aranges
                0x00000000      0x120 ..\obj\stm32f4xx_i2c.o
 .debug_ranges  0x00000000      0x110 ..\obj\stm32f4xx_i2c.o
 .debug_line    0x00000000      0x4f3 ..\obj\stm32f4xx_i2c.o
 .debug_str     0x00000000      0x666 ..\obj\stm32f4xx_i2c.o
 .comment       0x00000000       0x71 ..\obj\stm32f4xx_i2c.o
 .debug_frame   0x00000000      0x530 ..\obj\stm32f4xx_i2c.o
 .ARM.attributes
                0x00000000       0x33 ..\obj\stm32f4xx_i2c.o
 .text          0x00000000        0x0 ..\obj\misc.o
 .data          0x00000000        0x0 ..\obj\misc.o
 .bss           0x00000000        0x0 ..\obj\misc.o
 .text.NVIC_PriorityGroupConfig
                0x00000000       0x24 ..\obj\misc.o
 .text.NVIC_Init
                0x00000000       0xc0 ..\obj\misc.o
 .text.NVIC_SetVectorTable
                0x00000000       0x2c ..\obj\misc.o
 .text.NVIC_SystemLPConfig
                0x00000000       0x40 ..\obj\misc.o
 .text.SysTick_CLKSourceConfig
                0x00000000       0x38 ..\obj\misc.o
 .debug_info    0x00000000      0x53d ..\obj\misc.o
 .debug_abbrev  0x00000000      0x145 ..\obj\misc.o
 .debug_aranges
                0x00000000       0x40 ..\obj\misc.o
 .debug_ranges  0x00000000       0x30 ..\obj\misc.o
 .debug_line    0x00000000      0x25d ..\obj\misc.o
 .debug_str     0x00000000      0x3cf ..\obj\misc.o
 .comment       0x00000000       0x71 ..\obj\misc.o
 .debug_frame   0x00000000       0xd8 ..\obj\misc.o
 .ARM.attributes
                0x00000000       0x33 ..\obj\misc.o
 .text          0x00000000        0x0 c:/program files (x86)/gnu tools arm embedded/4.9 2015q3/bin/../lib/gcc/arm-none-eabi/4.9.3/../../../../arm-none-eabi/lib/armv7e-m\libg.a(lib_a-memset.o)
 .data          0x00000000        0x0 c:/program files (x86)/gnu tools arm embedded/4.9 2015q3/bin/../lib/gcc/arm-none-eabi/4.9.3/../../../../arm-none-eabi/lib/armv7e-m\libg.a(lib_a-memset.o)
 .bss           0x00000000        0x0 c:/program files (x86)/gnu tools arm embedded/4.9 2015q3/bin/../lib/gcc/arm-none-eabi/4.9.3/../../../../arm-none-eabi/lib/armv7e-m\libg.a(lib_a-memset.o)

Memory Configuration

Name             Origin             Length             Attributes
rom              0x08000000         0x00100000         xr
ram              0x20000000         0x00020000         xrw
ram1             0x10000000         0x00010000         xrw
*default*        0x00000000         0xffffffff

Linker script and memory map

                0x20020000                _eram = 0x20020000

.text           0x08000000     0x19c6
 *(.isr_vector)
 .isr_vector    0x08000000      0x188 ..\obj\startup_stm32f4xx.o
                0x08000000                g_pfnVectors
 *(.text*)
 .text.EPD_Init
                0x08000188       0x80 ..\obj\ePaperDisplay.o
                0x08000188                EPD_Init
 .text.EPD_PowerOn
                0x08000208       0x7c ..\obj\ePaperDisplay.o
                0x08000208                EPD_PowerOn
 .text.EPD_PowerOff
                0x08000284       0x8c ..\obj\ePaperDisplay.o
                0x08000284                EPD_PowerOff
 .text.GetCOGid
                0x08000310       0x30 ..\obj\ePaperDisplay.o
                0x08000310                GetCOGid
 .text.DisableOE
                0x08000340       0x3c ..\obj\ePaperDisplay.o
                0x08000340                DisableOE
 .text.CheckBreakage
                0x0800037c       0x40 ..\obj\ePaperDisplay.o
                0x0800037c                CheckBreakage
 .text.EnterPowerSavingMode
                0x080003bc       0x3c ..\obj\ePaperDisplay.o
                0x080003bc                EnterPowerSavingMode
 .text.ChannelSelect
                0x080003f8       0x44 ..\obj\ePaperDisplay.o
                0x080003f8                ChannelSelect
 .text.OscillatorPowerMode
                0x0800043c       0x48 ..\obj\ePaperDisplay.o
                0x0800043c                OscillatorPowerMode
 .text.PowerSettings1
                0x08000484       0x3c ..\obj\ePaperDisplay.o
                0x08000484                PowerSettings1
 .text.SetVComLevel
                0x080004c0       0x3c ..\obj\ePaperDisplay.o
                0x080004c0                SetVComLevel
 .text.PowerSettings2
                0x080004fc       0x3c ..\obj\ePaperDisplay.o
                0x080004fc                PowerSettings2
 .text.PowerSettings3
                0x08000538       0x3c ..\obj\ePaperDisplay.o
                0x08000538                PowerSettings3
 .text.DriverLatchOn
                0x08000574       0x3c ..\obj\ePaperDisplay.o
                0x08000574                DriverLatchOn
 .text.DriverLatchOff
                0x080005b0       0x3c ..\obj\ePaperDisplay.o
                0x080005b0                DriverLatchOff
 .text.ChargePump
                0x080005ec       0x5c ..\obj\ePaperDisplay.o
                0x080005ec                ChargePump
 .text.ChargePumpVoltageSettings
                0x08000648       0x48 ..\obj\ePaperDisplay.o
                0x08000648                ChargePumpVoltageSettings
 .text.CheckDCDC
                0x08000690       0x48 ..\obj\ePaperDisplay.o
                0x08000690                CheckDCDC
 .text.OutputEnaToDisa
                0x080006d8       0x3c ..\obj\ePaperDisplay.o
                0x080006d8                OutputEnaToDisa
 .text.TurnOnOE
                0x08000714       0x3c ..\obj\ePaperDisplay.o
                0x08000714                TurnOnOE
 .text.DischargeInternal
                0x08000750       0x3c ..\obj\ePaperDisplay.o
                0x08000750                DischargeInternal
 .text.DisplayImage
                0x0800078c       0x28 ..\obj\ePaperDisplay.o
                0x0800078c                DisplayImage
 .text.DisplayBW
                0x080007b4       0x78 ..\obj\ePaperDisplay.o
                0x080007b4                DisplayBW
 .text.DisplayInverse
                0x0800082c       0x40 ..\obj\ePaperDisplay.o
                0x0800082c                DisplayInverse
 .text.DisplayNew
                0x0800086c       0x40 ..\obj\ePaperDisplay.o
                0x0800086c                DisplayNew
 .text.DisplayNothing
                0x080008ac       0x2c ..\obj\ePaperDisplay.o
                0x080008ac                DisplayNothing
 .text.DisplayUnicolorLine
                0x080008d8      0x120 ..\obj\ePaperDisplay.o
                0x080008d8                DisplayUnicolorLine
 .text.DisplayDummyLine
                0x080009f8       0x58 ..\obj\ePaperDisplay.o
                0x080009f8                DisplayDummyLine
 .text.DisplayLine
                0x08000a50      0x300 ..\obj\ePaperDisplay.o
                0x08000a50                DisplayLine
 .text.RefreshBorder
                0x08000d50       0x24 ..\obj\ePaperDisplay.o
                0x08000d50                RefreshBorder
 .text.NVIC_SetPriority
                0x08000d74       0x54 ..\obj\delay.o
 .text.SysTick_Config
                0x08000dc8       0x44 ..\obj\delay.o
 .text.SysTick_Init
                0x08000e0c       0x28 ..\obj\delay.o
                0x08000e0c                SysTick_Init
 .text.TimeTick_Decrement
                0x08000e34       0x24 ..\obj\delay.o
                0x08000e34                TimeTick_Decrement
 .text.delay_nus
                0x08000e58       0x28 ..\obj\delay.o
                0x08000e58                delay_nus
 .text.delay_1ms
                0x08000e80       0x24 ..\obj\delay.o
                0x08000e80                delay_1ms
 .text.delay_nms
                0x08000ea4       0x20 ..\obj\delay.o
                0x08000ea4                delay_nms
 .text.LEDs_Init
                0x08000ec4       0x38 ..\obj\mini_m4.o
                0x08000ec4                LEDs_Init
 .text.ChangeLedState
                0x08000efc       0x44 ..\obj\mini_m4.o
                0x08000efc                ChangeLedState
 .text.GPIOs_Init
                0x08000f40       0x84 ..\obj\mini_m4.o
                0x08000f40                GPIOs_Init
 .text.ChangePowerState
                0x08000fc4       0x20 ..\obj\mini_m4.o
                0x08000fc4                ChangePowerState
 .text.ChangeResetState
                0x08000fe4       0x24 ..\obj\mini_m4.o
                0x08000fe4                ChangeResetState
 .text.ChangeDischargeState
                0x08001008       0x24 ..\obj\mini_m4.o
                0x08001008                ChangeDischargeState
 .text.ChangeBorderState
                0x0800102c       0x24 ..\obj\mini_m4.o
                0x0800102c                ChangeBorderState
 .text.ChangeCSState
                0x08001050       0x20 ..\obj\mini_m4.o
                0x08001050                ChangeCSState
 .text.IsBusy   0x08001070       0x18 ..\obj\mini_m4.o
                0x08001070                IsBusy
 .text.SPI1_Init
                0x08001088       0xc4 ..\obj\mini_m4.o
                0x08001088                SPI1_Init
 .text.SPI1_Send
                0x0800114c       0x5c ..\obj\mini_m4.o
                0x0800114c                SPI1_Send
 .text.SPI1_Read
                0x080011a8       0x50 ..\obj\mini_m4.o
                0x080011a8                SPI1_Read
 .text.Default_Reset_Handler
                0x080011f8       0x5c ..\obj\startup_stm32f4xx.o
                0x080011f8                Default_Reset_Handler
                0x080011f8                Reset_Handler
 .text.Default_Handler
                0x08001254        0x8 ..\obj\startup_stm32f4xx.o
                0x08001254                RTC_Alarm_IRQHandler
                0x08001254                HASH_RNG_IRQHandler
                0x08001254                EXTI2_IRQHandler
                0x08001254                TIM8_CC_IRQHandler
                0x08001254                DebugMon_Handler
                0x08001254                TIM1_CC_IRQHandler
                0x08001254                DMA2_Stream5_IRQHandler
                0x08001254                HardFault_Handler
                0x08001254                DMA1_Stream5_IRQHandler
                0x08001254                PVD_IRQHandler
                0x08001254                SDIO_IRQHandler
                0x08001254                TAMP_STAMP_IRQHandler
                0x08001254                PendSV_Handler
                0x08001254                NMI_Handler
                0x08001254                CAN2_RX1_IRQHandler
                0x08001254                EXTI3_IRQHandler
                0x08001254                TIM8_TRG_COM_TIM14_IRQHandler
                0x08001254                TIM1_UP_TIM10_IRQHandler
                0x08001254                TIM8_UP_TIM13_IRQHandler
                0x08001254                I2C3_ER_IRQHandler
                0x08001254                EXTI0_IRQHandler
                0x08001254                I2C2_EV_IRQHandler
                0x08001254                DMA1_Stream2_IRQHandler
                0x08001254                CAN1_RX0_IRQHandler
                0x08001254                FPU_IRQHandler
                0x08001254                OTG_HS_WKUP_IRQHandler
                0x08001254                UsageFault_Handler
                0x08001254                CAN2_SCE_IRQHandler
                0x08001254                DMA2_Stream2_IRQHandler
                0x08001254                SPI1_IRQHandler
                0x08001254                TIM6_DAC_IRQHandler
                0x08001254                TIM1_BRK_TIM9_IRQHandler
                0x08001254                DCMI_IRQHandler
                0x08001254                CAN2_RX0_IRQHandler
                0x08001254                DMA2_Stream3_IRQHandler
                0x08001254                USART6_IRQHandler
                0x08001254                USART3_IRQHandler
                0x08001254                CRYP_IRQHandler
                0x08001254                CAN1_RX1_IRQHandler
                0x08001254                UART5_IRQHandler
                0x08001254                DMA2_Stream0_IRQHandler
                0x08001254                TIM4_IRQHandler
                0x08001254                I2C1_EV_IRQHandler
                0x08001254                DMA1_Stream6_IRQHandler
                0x08001254                DMA1_Stream1_IRQHandler
                0x08001254                UART4_IRQHandler
                0x08001254                TIM3_IRQHandler
                0x08001254                RCC_IRQHandler
                0x08001254                TIM8_BRK_TIM12_IRQHandler
                0x08001254                EXTI15_10_IRQHandler
                0x08001254                ADC_IRQHandler
                0x08001254                DMA1_Stream7_IRQHandler
                0x08001254                TIM7_IRQHandler
                0x08001254                CAN2_TX_IRQHandler
                0x08001254                TIM5_IRQHandler
                0x08001254                DMA2_Stream7_IRQHandler
                0x08001254                I2C3_EV_IRQHandler
                0x08001254                EXTI9_5_IRQHandler
                0x08001254                RTC_WKUP_IRQHandler
                0x08001254                ETH_WKUP_IRQHandler
                0x08001254                SPI2_IRQHandler
                0x08001254                OTG_HS_EP1_IN_IRQHandler
                0x08001254                MemManage_Handler
                0x08001254                DMA1_Stream0_IRQHandler
                0x08001254                CAN1_TX_IRQHandler
                0x08001254                SVC_Handler
                0x08001254                EXTI4_IRQHandler
                0x08001254                FSMC_IRQHandler
                0x08001254                ETH_IRQHandler
                0x08001254                OTG_HS_EP1_OUT_IRQHandler
                0x08001254                WWDG_IRQHandler
                0x08001254                TIM2_IRQHandler
                0x08001254                OTG_FS_WKUP_IRQHandler
                0x08001254                TIM1_TRG_COM_TIM11_IRQHandler
                0x08001254                OTG_HS_IRQHandler
                0x08001254                EXTI1_IRQHandler
                0x08001254                USART2_IRQHandler
                0x08001254                I2C2_ER_IRQHandler
                0x08001254                DMA2_Stream1_IRQHandler
                0x08001254                CAN1_SCE_IRQHandler
                0x08001254                FLASH_IRQHandler
                0x08001254                DMA2_Stream4_IRQHandler
                0x08001254                BusFault_Handler
                0x08001254                USART1_IRQHandler
                0x08001254                OTG_FS_IRQHandler
                0x08001254                SPI3_IRQHandler
                0x08001254                DMA1_Stream4_IRQHandler
                0x08001254                I2C1_ER_IRQHandler
                0x08001254                DMA2_Stream6_IRQHandler
                0x08001254                DMA1_Stream3_IRQHandler
 .text.main     0x0800125c       0x40 ..\obj\main.o
                0x0800125c                main
 .text.SysTick_Handler
                0x0800129c        0xc ..\obj\main.o
                0x0800129c                SysTick_Handler
 .text.RCC_AHB1PeriphClockCmd
                0x080012a8       0x3c ..\obj\stm32f4xx_rcc.o
                0x080012a8                RCC_AHB1PeriphClockCmd
 .text.RCC_APB2PeriphClockCmd
                0x080012e4       0x3c ..\obj\stm32f4xx_rcc.o
                0x080012e4                RCC_APB2PeriphClockCmd
 .text.GPIO_Init
                0x08001320      0x11c ..\obj\stm32f4xx_gpio.o
                0x08001320                GPIO_Init
 .text.GPIO_ReadInputDataBit
                0x0800143c       0x34 ..\obj\stm32f4xx_gpio.o
                0x0800143c                GPIO_ReadInputDataBit
 .text.GPIO_SetBits
                0x08001470       0x1c ..\obj\stm32f4xx_gpio.o
                0x08001470                GPIO_SetBits
 .text.GPIO_ResetBits
                0x0800148c       0x1c ..\obj\stm32f4xx_gpio.o
                0x0800148c                GPIO_ResetBits
 .text.GPIO_WriteBit
                0x080014a8       0x30 ..\obj\stm32f4xx_gpio.o
                0x080014a8                GPIO_WriteBit
 .text.GPIO_PinAFConfig
                0x080014d8       0x90 ..\obj\stm32f4xx_gpio.o
                0x080014d8                GPIO_PinAFConfig
 .text.SystemInit
                0x08001568       0x58 ..\obj\system_stm32f4xx.o
                0x08001568                SystemInit
 .text.SetSysClock
                0x080015c0       0xf4 ..\obj\system_stm32f4xx.o
 .text.SPI_Init
                0x080016b4       0x88 ..\obj\stm32f4xx_spi.o
                0x080016b4                SPI_Init
 .text.SPI_Cmd  0x0800173c       0x40 ..\obj\stm32f4xx_spi.o
                0x0800173c                SPI_Cmd
 .text.SPI_I2S_ReceiveData
                0x0800177c       0x1c ..\obj\stm32f4xx_spi.o
                0x0800177c                SPI_I2S_ReceiveData
 .text.SPI_I2S_SendData
                0x08001798       0x1c ..\obj\stm32f4xx_spi.o
                0x08001798                SPI_I2S_SendData
 .text.SPI_I2S_GetFlagStatus
                0x080017b4       0x38 ..\obj\stm32f4xx_spi.o
                0x080017b4                SPI_I2S_GetFlagStatus
 .text.memset   0x080017ec       0x9c c:/program files (x86)/gnu tools arm embedded/4.9 2015q3/bin/../lib/gcc/arm-none-eabi/4.9.3/../../../../arm-none-eabi/lib/armv7e-m\libg.a(lib_a-memset.o)
                0x080017ec                memset
 *(.init)
 *(.fini)
 *crtbegin.o(.ctors)
 *crtbegin?.o(.ctors)
 *(EXCLUDE_FILE(*crtend.o *crtend?.o) .ctors)
 *(SORT(.ctors.*))
 *(.ctors)
 *crtbegin.o(.dtors)
 *crtbegin?.o(.dtors)
 *(EXCLUDE_FILE(*crtend.o *crtend?.o) .dtors)
 *(SORT(.dtors.*))
 *(.dtors)
 *(.rodata*)
 .rodata        0x08001888      0x13e ..\obj\ePaperDisplay.o
 *(.eh_fram e*)

.glue_7         0x080019c8        0x0
 .glue_7        0x00000000        0x0 linker stubs

.glue_7t        0x080019c8        0x0
 .glue_7t       0x00000000        0x0 linker stubs

.vfp11_veneer   0x080019c8        0x0
 .vfp11_veneer  0x00000000        0x0 linker stubs

.v4_bx          0x080019c8        0x0
 .v4_bx         0x00000000        0x0 linker stubs

.iplt           0x080019c8        0x0
 .iplt          0x00000000        0x0 ..\obj\ePaperDisplay.o

.rel.dyn        0x080019c8        0x0
 .rel.iplt      0x00000000        0x0 ..\obj\ePaperDisplay.o

.ARM.extab
 *(.ARM.extab* .gnu.linkonce.armextab.*)
                0x080019c8                __exidx_start = .

.ARM.exidx
 *(.ARM.exidx* .gnu.linkonce.armexidx.*)
                0x080019c8                __exidx_end = .
                0x080019c8                __etext = .
                0x080019c6                _sidata = __etext

.data           0x20000000     0x16c4 load address 0x080019c6
                0x20000000                __data_start__ = .
                0x20000000                _sdata = __data_start__
 *(vtable)
 *(.data*)
 .data          0x20000000     0x16b0 ..\obj\main.o
 .data          0x200016b0       0x14 ..\obj\system_stm32f4xx.o
                0x200016b0                SystemCoreClock
                0x200016b4                AHBPrescTable
                0x200016c4                . = ALIGN (0x4)
                0x200016c4                PROVIDE (__preinit_array_start, .)
 *(.preinit_array)
                0x200016c4                PROVIDE (__preinit_array_end, .)
                0x200016c4                . = ALIGN (0x4)
                0x200016c4                PROVIDE (__init_array_start, .)
 *(SORT(.init_array.*))
 *(.init_array)
                0x200016c4                PROVIDE (__init_array_end, .)
                0x200016c4                . = ALIGN (0x4)
                0x200016c4                PROVIDE (__fini_array_start, .)
 *(SORT(.fini_array.*))
 *(.fini_array)
                0x200016c4                PROVIDE (__fini_array_end, .)
 *(.jcr*)
                0x200016c4                . = ALIGN (0x4)
                0x200016c4                __data_end__ = .
                0x200016c4                _edata = __data_end__

.igot.plt       0x200016c4        0x0 load address 0x0800308c
 .igot.plt      0x00000000        0x0 ..\obj\ePaperDisplay.o

.bss            0x200016c4        0x4 load address 0x0800308c
                0x200016c4                . = ALIGN (0x4)
                0x200016c4                __bss_start__ = .
                0x200016c4                _sbss = __bss_start__
 *(.bss*)
 .bss           0x200016c4        0x4 ..\obj\delay.o
 *(COMMON)
                0x200016c8                . = ALIGN (0x4)
                0x200016c8                __bss_end__ = .
                0x200016c8                _ebss = __bss_end__

.heap           0x200016c8        0x0
                0x200016c8                __end__ = .
                0x200016c8                _end = __end__
                0x200016c8                end = __end__
 *(.heap*)
                0x200016c8                __HeapLimit = .

.co_stack       0x200016c8      0x800 load address 0x08003090
                0x200016c8                . = ALIGN (0x8)
 *(.co_stack .co_stack.*)
 .co_stack      0x200016c8      0x800 ..\obj\startup_stm32f4xx.o
                0x200016c8                pulStack
                0x20020000                __StackTop = (ORIGIN (ram) + 0x20000)
                0x2001f800                __StackLimit = (__StackTop - SIZEOF (.co_stack))
                0x20020000                PROVIDE (__stack, __StackTop)
                0x00000001                ASSERT ((__StackLimit >= __HeapLimit), region ram  overflowed with stack)
LOAD ..\obj\ePaperDisplay.o
LOAD ..\obj\delay.o
LOAD ..\obj\mini_m4.o
LOAD ..\obj\startup_stm32f4xx.o
LOAD ..\obj\main.o
LOAD ..\obj\stm32f4xx_rcc.o
LOAD ..\obj\stm32f4xx_gpio.o
LOAD ..\obj\system_stm32f4xx.o
LOAD ..\obj\stm32f4xx_spi.o
LOAD ..\obj\stm32f4xx_i2c.o
LOAD ..\obj\misc.o
START GROUP
LOAD c:/program files (x86)/gnu tools arm embedded/4.9 2015q3/bin/../lib/gcc/arm-none-eabi/4.9.3/armv7e-m\libgcc.a
LOAD c:/program files (x86)/gnu tools arm embedded/4.9 2015q3/bin/../lib/gcc/arm-none-eabi/4.9.3/../../../../arm-none-eabi/lib/armv7e-m\libg.a
LOAD c:/program files (x86)/gnu tools arm embedded/4.9 2015q3/bin/../lib/gcc/arm-none-eabi/4.9.3/../../../../arm-none-eabi/lib/armv7e-m\libc.a
END GROUP
OUTPUT(ePaper_Mini-M4.elf elf32-littlearm)

.debug_info     0x00000000     0x3bb5
 .debug_info    0x00000000      0x904 ..\obj\ePaperDisplay.o
 .debug_info    0x00000904      0x70f ..\obj\delay.o
 .debug_info    0x00001013      0x689 ..\obj\mini_m4.o
 .debug_info    0x0000169c       0xed ..\obj\startup_stm32f4xx.o
 .debug_info    0x00001789      0x144 ..\obj\main.o
 .debug_info    0x000018cd      0xc4d ..\obj\stm32f4xx_rcc.o
 .debug_info    0x0000251a      0x602 ..\obj\stm32f4xx_gpio.o
 .debug_info    0x00002b1c      0x592 ..\obj\system_stm32f4xx.o
 .debug_info    0x000030ae      0xb07 ..\obj\stm32f4xx_spi.o

.debug_abbrev   0x00000000      0xc4e
 .debug_abbrev  0x00000000      0x166 ..\obj\ePaperDisplay.o
 .debug_abbrev  0x00000166      0x1be ..\obj\delay.o
 .debug_abbrev  0x00000324      0x188 ..\obj\mini_m4.o
 .debug_abbrev  0x000004ac       0xb0 ..\obj\startup_stm32f4xx.o
 .debug_abbrev  0x0000055c       0xcf ..\obj\main.o
 .debug_abbrev  0x0000062b      0x1e3 ..\obj\stm32f4xx_rcc.o
 .debug_abbrev  0x0000080e      0x1a3 ..\obj\stm32f4xx_gpio.o
 .debug_abbrev  0x000009b1      0x136 ..\obj\system_stm32f4xx.o
 .debug_abbrev  0x00000ae7      0x167 ..\obj\stm32f4xx_spi.o

.debug_aranges  0x00000000      0x538
 .debug_aranges
                0x00000000      0x108 ..\obj\ePaperDisplay.o
 .debug_aranges
                0x00000108       0x50 ..\obj\delay.o
 .debug_aranges
                0x00000158       0x80 ..\obj\mini_m4.o
 .debug_aranges
                0x000001d8       0x28 ..\obj\startup_stm32f4xx.o
 .debug_aranges
                0x00000200       0x28 ..\obj\main.o
 .debug_aranges
                0x00000228      0x178 ..\obj\stm32f4xx_rcc.o
 .debug_aranges
                0x000003a0       0x88 ..\obj\stm32f4xx_gpio.o
 .debug_aranges
                0x00000428       0x30 ..\obj\system_stm32f4xx.o
 .debug_aranges
                0x00000458       0xe0 ..\obj\stm32f4xx_spi.o

.debug_ranges   0x00000000      0x4a8
 .debug_ranges  0x00000000       0xf8 ..\obj\ePaperDisplay.o
 .debug_ranges  0x000000f8       0x40 ..\obj\delay.o
 .debug_ranges  0x00000138       0x70 ..\obj\mini_m4.o
 .debug_ranges  0x000001a8       0x18 ..\obj\startup_stm32f4xx.o
 .debug_ranges  0x000001c0       0x18 ..\obj\main.o
 .debug_ranges  0x000001d8      0x168 ..\obj\stm32f4xx_rcc.o
 .debug_ranges  0x00000340       0x78 ..\obj\stm32f4xx_gpio.o
 .debug_ranges  0x000003b8       0x20 ..\obj\system_stm32f4xx.o
 .debug_ranges  0x000003d8       0xd0 ..\obj\stm32f4xx_spi.o

.debug_line     0x00000000     0x1e00
 .debug_line    0x00000000      0x5c6 ..\obj\ePaperDisplay.o
 .debug_line    0x000005c6      0x269 ..\obj\delay.o
 .debug_line    0x0000082f      0x36c ..\obj\mini_m4.o
 .debug_line    0x00000b9b       0xa3 ..\obj\startup_stm32f4xx.o
 .debug_line    0x00000c3e      0x240 ..\obj\main.o
 .debug_line    0x00000e7e      0x5b9 ..\obj\stm32f4xx_rcc.o
 .debug_line    0x00001437      0x35b ..\obj\stm32f4xx_gpio.o
 .debug_line    0x00001792      0x204 ..\obj\system_stm32f4xx.o
 .debug_line    0x00001996      0x46a ..\obj\stm32f4xx_spi.o

.debug_str      0x00000000     0x1ba1
 .debug_str     0x00000000      0x4e4 ..\obj\ePaperDisplay.o
                                0x536 (size before relaxing)
 .debug_str     0x000004e4      0x6b1 ..\obj\delay.o
                                0x7f9 (size before relaxing)
 .debug_str     0x00000b95      0x38d ..\obj\mini_m4.o
                                0x54e (size before relaxing)
 .debug_str     0x00000f22       0xb1 ..\obj\startup_stm32f4xx.o
                                0x148 (size before relaxing)
 .debug_str     0x00000fd3       0x45 ..\obj\main.o
                                0x1ac (size before relaxing)
 .debug_str     0x00001018      0x660 ..\obj\stm32f4xx_rcc.o
                                0x851 (size before relaxing)
 .debug_str     0x00001678      0x178 ..\obj\stm32f4xx_gpio.o
                                0x4a4 (size before relaxing)
 .debug_str     0x000017f0       0xb5 ..\obj\system_stm32f4xx.o
                                0x3ab (size before relaxing)
 .debug_str     0x000018a5      0x2fc ..\obj\stm32f4xx_spi.o
                                0x68b (size before relaxing)

.comment        0x00000000       0x70
 .comment       0x00000000       0x70 ..\obj\ePaperDisplay.o
                                 0x71 (size before relaxing)
 .comment       0x00000000       0x71 ..\obj\delay.o
 .comment       0x00000000       0x71 ..\obj\mini_m4.o
 .comment       0x00000000       0x71 ..\obj\startup_stm32f4xx.o
 .comment       0x00000000       0x71 ..\obj\main.o
 .comment       0x00000000       0x71 ..\obj\stm32f4xx_rcc.o
 .comment       0x00000000       0x71 ..\obj\stm32f4xx_gpio.o
 .comment       0x00000000       0x71 ..\obj\system_stm32f4xx.o
 .comment       0x00000000       0x71 ..\obj\stm32f4xx_spi.o

.ARM.attributes
                0x00000000       0x33
 .ARM.attributes
                0x00000000       0x33 ..\obj\ePaperDisplay.o
 .ARM.attributes
                0x00000033       0x33 ..\obj\delay.o
 .ARM.attributes
                0x00000066       0x33 ..\obj\mini_m4.o
 .ARM.attributes
                0x00000099       0x33 ..\obj\startup_stm32f4xx.o
 .ARM.attributes
                0x000000cc       0x33 ..\obj\main.o
 .ARM.attributes
                0x000000ff       0x33 ..\obj\stm32f4xx_rcc.o
 .ARM.attributes
                0x00000132       0x33 ..\obj\stm32f4xx_gpio.o
 .ARM.attributes
                0x00000165       0x33 ..\obj\system_stm32f4xx.o
 .ARM.attributes
                0x00000198       0x33 ..\obj\stm32f4xx_spi.o
 .ARM.attributes
                0x000001cb       0x2e c:/program files (x86)/gnu tools arm embedded/4.9 2015q3/bin/../lib/gcc/arm-none-eabi/4.9.3/../../../../arm-none-eabi/lib/armv7e-m\libg.a(lib_a-memset.o)

.debug_frame    0x00000000     0x1578
 .debug_frame   0x00000000      0x450 ..\obj\ePaperDisplay.o
 .debug_frame   0x00000450      0x104 ..\obj\delay.o
 .debug_frame   0x00000554      0x1dc ..\obj\mini_m4.o
 .debug_frame   0x00000730       0x4c ..\obj\startup_stm32f4xx.o
 .debug_frame   0x0000077c       0x48 ..\obj\main.o
 .debug_frame   0x000007c4      0x6d4 ..\obj\stm32f4xx_rcc.o
 .debug_frame   0x00000e98      0x23c ..\obj\stm32f4xx_gpio.o
 .debug_frame   0x000010d4       0x7c ..\obj\system_stm32f4xx.o
 .debug_frame   0x00001150      0x3f4 ..\obj\stm32f4xx_spi.o
 .debug_frame   0x00001544       0x34 c:/program files (x86)/gnu tools arm embedded/4.9 2015q3/bin/../lib/gcc/arm-none-eabi/4.9.3/../../../../arm-none-eabi/lib/armv7e-m\libg.a(lib_a-memset.o)
