Archive member included because of file (symbol)

c:/program files (x86)/gnu tools arm embedded/4.8 2014q3/bin/../lib/gcc/arm-none-eabi/4.8.4/../../../../arm-none-eabi/lib/armv7e-m\libg.a(lib_a-memset.o)
                              ..\obj\ePaperDisplay.o (memset)

Discarded input sections

 .text          0x00000000        0x0 ..\obj\ePaperDisplay.o
 .data          0x00000000        0x0 ..\obj\ePaperDisplay.o
 .bss           0x00000000     0x1080 ..\obj\ePaperDisplay.o
 .text          0x00000000        0x0 ..\obj\delay.o
 .data          0x00000000        0x0 ..\obj\delay.o
 .text          0x00000000        0x0 ..\obj\mini_m4.o
 .data          0x00000000        0x0 ..\obj\mini_m4.o
 .bss           0x00000000        0x0 ..\obj\mini_m4.o
 .text.GPIOs_Init
                0x00000000       0x84 ..\obj\mini_m4.o
 .text          0x00000000        0x0 ..\obj\startup_stm32f4xx.o
 .data          0x00000000        0x0 ..\obj\startup_stm32f4xx.o
 .bss           0x00000000        0x0 ..\obj\startup_stm32f4xx.o
 .text          0x00000000        0x0 ..\obj\main.o
 .data          0x00000000        0x0 ..\obj\main.o
 .rodata        0x00000000      0x100 ..\obj\main.o
 .text          0x00000000        0x0 ..\obj\stm32f4xx_rcc.o
 .data          0x00000000       0x10 ..\obj\stm32f4xx_rcc.o
 .bss           0x00000000        0x0 ..\obj\stm32f4xx_rcc.o
 .text.RCC_DeInit
                0x00000000       0x50 ..\obj\stm32f4xx_rcc.o
 .text.RCC_HSEConfig
                0x00000000       0x24 ..\obj\stm32f4xx_rcc.o
 .text.RCC_WaitForHSEStartUp
                0x00000000       0x50 ..\obj\stm32f4xx_rcc.o
 .text.RCC_AdjustHSICalibrationValue
                0x00000000       0x3c ..\obj\stm32f4xx_rcc.o
 .text.RCC_HSICmd
                0x00000000       0x20 ..\obj\stm32f4xx_rcc.o
 .text.RCC_LSEConfig
                0x00000000       0x40 ..\obj\stm32f4xx_rcc.o
 .text.RCC_LSICmd
                0x00000000       0x20 ..\obj\stm32f4xx_rcc.o
 .text.RCC_PLLConfig
                0x00000000       0x3c ..\obj\stm32f4xx_rcc.o
 .text.RCC_PLLCmd
                0x00000000       0x20 ..\obj\stm32f4xx_rcc.o
 .text.RCC_PLLI2SConfig
                0x00000000       0x28 ..\obj\stm32f4xx_rcc.o
 .text.RCC_PLLI2SCmd
                0x00000000       0x20 ..\obj\stm32f4xx_rcc.o
 .text.RCC_ClockSecuritySystemCmd
                0x00000000       0x20 ..\obj\stm32f4xx_rcc.o
 .text.RCC_MCO1Config
                0x00000000       0x3c ..\obj\stm32f4xx_rcc.o
 .text.RCC_MCO2Config
                0x00000000       0x3c ..\obj\stm32f4xx_rcc.o
 .text.RCC_SYSCLKConfig
                0x00000000       0x38 ..\obj\stm32f4xx_rcc.o
 .text.RCC_GetSYSCLKSource
                0x00000000       0x20 ..\obj\stm32f4xx_rcc.o
 .text.RCC_HCLKConfig
                0x00000000       0x38 ..\obj\stm32f4xx_rcc.o
 .text.RCC_PCLK1Config
                0x00000000       0x38 ..\obj\stm32f4xx_rcc.o
 .text.RCC_PCLK2Config
                0x00000000       0x38 ..\obj\stm32f4xx_rcc.o
 .text.RCC_GetClocksFreq
                0x00000000      0x150 ..\obj\stm32f4xx_rcc.o
 .text.RCC_RTCCLKConfig
                0x00000000       0x5c ..\obj\stm32f4xx_rcc.o
 .text.RCC_RTCCLKCmd
                0x00000000       0x20 ..\obj\stm32f4xx_rcc.o
 .text.RCC_BackupResetCmd
                0x00000000       0x20 ..\obj\stm32f4xx_rcc.o
 .text.RCC_I2SCLKConfig
                0x00000000       0x1c ..\obj\stm32f4xx_rcc.o
 .text.RCC_AHB2PeriphClockCmd
                0x00000000       0x3c ..\obj\stm32f4xx_rcc.o
 .text.RCC_AHB3PeriphClockCmd
                0x00000000       0x3c ..\obj\stm32f4xx_rcc.o
 .text.RCC_APB1PeriphClockCmd
                0x00000000       0x3c ..\obj\stm32f4xx_rcc.o
 .text.RCC_AHB1PeriphResetCmd
                0x00000000       0x3c ..\obj\stm32f4xx_rcc.o
 .text.RCC_AHB2PeriphResetCmd
                0x00000000       0x3c ..\obj\stm32f4xx_rcc.o
 .text.RCC_AHB3PeriphResetCmd
                0x00000000       0x3c ..\obj\stm32f4xx_rcc.o
 .text.RCC_APB1PeriphResetCmd
                0x00000000       0x3c ..\obj\stm32f4xx_rcc.o
 .text.RCC_APB2PeriphResetCmd
                0x00000000       0x3c ..\obj\stm32f4xx_rcc.o
 .text.RCC_AHB1PeriphClockLPModeCmd
                0x00000000       0x3c ..\obj\stm32f4xx_rcc.o
 .text.RCC_AHB2PeriphClockLPModeCmd
                0x00000000       0x3c ..\obj\stm32f4xx_rcc.o
 .text.RCC_AHB3PeriphClockLPModeCmd
                0x00000000       0x3c ..\obj\stm32f4xx_rcc.o
 .text.RCC_APB1PeriphClockLPModeCmd
                0x00000000       0x3c ..\obj\stm32f4xx_rcc.o
 .text.RCC_APB2PeriphClockLPModeCmd
                0x00000000       0x3c ..\obj\stm32f4xx_rcc.o
 .text.RCC_ITConfig
                0x00000000       0x48 ..\obj\stm32f4xx_rcc.o
 .text.RCC_GetFlagStatus
                0x00000000       0x74 ..\obj\stm32f4xx_rcc.o
 .text.RCC_ClearFlag
                0x00000000       0x1c ..\obj\stm32f4xx_rcc.o
 .text.RCC_GetITStatus
                0x00000000       0x38 ..\obj\stm32f4xx_rcc.o
 .text.RCC_ClearITPendingBit
                0x00000000       0x20 ..\obj\stm32f4xx_rcc.o
 .text          0x00000000        0x0 ..\obj\stm32f4xx_gpio.o
 .data          0x00000000        0x0 ..\obj\stm32f4xx_gpio.o
 .bss           0x00000000        0x0 ..\obj\stm32f4xx_gpio.o
 .text.GPIO_DeInit
                0x00000000      0x120 ..\obj\stm32f4xx_gpio.o
 .text.GPIO_StructInit
                0x00000000       0x34 ..\obj\stm32f4xx_gpio.o
 .text.GPIO_PinLockConfig
                0x00000000       0x44 ..\obj\stm32f4xx_gpio.o
 .text.GPIO_ReadInputData
                0x00000000       0x1c ..\obj\stm32f4xx_gpio.o
 .text.GPIO_ReadOutputDataBit
                0x00000000       0x34 ..\obj\stm32f4xx_gpio.o
 .text.GPIO_ReadOutputData
                0x00000000       0x1c ..\obj\stm32f4xx_gpio.o
 .text.GPIO_Write
                0x00000000       0x1c ..\obj\stm32f4xx_gpio.o
 .text          0x00000000        0x0 ..\obj\system_stm32f4xx.o
 .bss           0x00000000        0x0 ..\obj\system_stm32f4xx.o
 .text.SystemCoreClockUpdate
                0x00000000       0xf4 ..\obj\system_stm32f4xx.o
 .text          0x00000000        0x0 ..\obj\stm32f4xx_spi.o
 .data          0x00000000        0x0 ..\obj\stm32f4xx_spi.o
 .bss           0x00000000        0x0 ..\obj\stm32f4xx_spi.o
 .text.SPI_I2S_DeInit
                0x00000000       0x74 ..\obj\stm32f4xx_spi.o
 .text.I2S_Init
                0x00000000      0x1b0 ..\obj\stm32f4xx_spi.o
 .text.SPI_StructInit
                0x00000000       0x48 ..\obj\stm32f4xx_spi.o
 .text.I2S_StructInit
                0x00000000       0x38 ..\obj\stm32f4xx_spi.o
 .text.I2S_Cmd  0x00000000       0x40 ..\obj\stm32f4xx_spi.o
 .text.SPI_DataSizeConfig
                0x00000000       0x38 ..\obj\stm32f4xx_spi.o
 .text.SPI_BiDirectionalLineConfig
                0x00000000       0x40 ..\obj\stm32f4xx_spi.o
 .text.SPI_NSSInternalSoftwareConfig
                0x00000000       0x44 ..\obj\stm32f4xx_spi.o
 .text.SPI_SSOutputCmd
                0x00000000       0x40 ..\obj\stm32f4xx_spi.o
 .text.SPI_TIModeCmd
                0x00000000       0x40 ..\obj\stm32f4xx_spi.o
 .text.I2S_FullDuplexConfig
                0x00000000       0x9c ..\obj\stm32f4xx_spi.o
 .text.SPI_CalculateCRC
                0x00000000       0x40 ..\obj\stm32f4xx_spi.o
 .text.SPI_TransmitCRC
                0x00000000       0x24 ..\obj\stm32f4xx_spi.o
 .text.SPI_GetCRC
                0x00000000       0x34 ..\obj\stm32f4xx_spi.o
 .text.SPI_GetCRCPolynomial
                0x00000000       0x1c ..\obj\stm32f4xx_spi.o
 .text.SPI_I2S_DMACmd
                0x00000000       0x48 ..\obj\stm32f4xx_spi.o
 .text.SPI_I2S_ITConfig
                0x00000000       0x60 ..\obj\stm32f4xx_spi.o
 .text.SPI_I2S_ClearFlag
                0x00000000       0x20 ..\obj\stm32f4xx_spi.o
 .text.SPI_I2S_GetITStatus
                0x00000000       0x78 ..\obj\stm32f4xx_spi.o
 .text.SPI_I2S_ClearITPendingBit
                0x00000000       0x34 ..\obj\stm32f4xx_spi.o
 .text          0x00000000        0x0 ..\obj\stm32f4xx_i2c.o
 .data          0x00000000        0x0 ..\obj\stm32f4xx_i2c.o
 .bss           0x00000000        0x0 ..\obj\stm32f4xx_i2c.o
 .text.I2C_DeInit
                0x00000000       0x74 ..\obj\stm32f4xx_i2c.o
 .text.I2C_Init
                0x00000000      0x184 ..\obj\stm32f4xx_i2c.o
 .text.I2C_StructInit
                0x00000000       0x3c ..\obj\stm32f4xx_i2c.o
 .text.I2C_Cmd  0x00000000       0x40 ..\obj\stm32f4xx_i2c.o
 .text.I2C_GenerateSTART
                0x00000000       0x40 ..\obj\stm32f4xx_i2c.o
 .text.I2C_GenerateSTOP
                0x00000000       0x40 ..\obj\stm32f4xx_i2c.o
 .text.I2C_Send7bitAddress
                0x00000000       0x3c ..\obj\stm32f4xx_i2c.o
 .text.I2C_AcknowledgeConfig
                0x00000000       0x40 ..\obj\stm32f4xx_i2c.o
 .text.I2C_OwnAddress2Config
                0x00000000       0x40 ..\obj\stm32f4xx_i2c.o
 .text.I2C_DualAddressCmd
                0x00000000       0x40 ..\obj\stm32f4xx_i2c.o
 .text.I2C_GeneralCallCmd
                0x00000000       0x40 ..\obj\stm32f4xx_i2c.o
 .text.I2C_SoftwareResetCmd
                0x00000000       0x44 ..\obj\stm32f4xx_i2c.o
 .text.I2C_StretchClockCmd
                0x00000000       0x40 ..\obj\stm32f4xx_i2c.o
 .text.I2C_FastModeDutyCycleConfig
                0x00000000       0x40 ..\obj\stm32f4xx_i2c.o
 .text.I2C_NACKPositionConfig
                0x00000000       0x40 ..\obj\stm32f4xx_i2c.o
 .text.I2C_SMBusAlertConfig
                0x00000000       0x40 ..\obj\stm32f4xx_i2c.o
 .text.I2C_ARPCmd
                0x00000000       0x40 ..\obj\stm32f4xx_i2c.o
 .text.I2C_SendData
                0x00000000       0x20 ..\obj\stm32f4xx_i2c.o
 .text.I2C_ReceiveData
                0x00000000       0x1c ..\obj\stm32f4xx_i2c.o
 .text.I2C_TransmitPEC
                0x00000000       0x40 ..\obj\stm32f4xx_i2c.o
 .text.I2C_PECPositionConfig
                0x00000000       0x40 ..\obj\stm32f4xx_i2c.o
 .text.I2C_CalculatePEC
                0x00000000       0x40 ..\obj\stm32f4xx_i2c.o
 .text.I2C_GetPEC
                0x00000000       0x20 ..\obj\stm32f4xx_i2c.o
 .text.I2C_DMACmd
                0x00000000       0x40 ..\obj\stm32f4xx_i2c.o
 .text.I2C_DMALastTransferCmd
                0x00000000       0x40 ..\obj\stm32f4xx_i2c.o
 .text.I2C_ReadRegister
                0x00000000       0x30 ..\obj\stm32f4xx_i2c.o
 .text.I2C_ITConfig
                0x00000000       0x48 ..\obj\stm32f4xx_i2c.o
 .text.I2C_CheckEvent
                0x00000000       0x60 ..\obj\stm32f4xx_i2c.o
 .text.I2C_GetLastEvent
                0x00000000       0x44 ..\obj\stm32f4xx_i2c.o
 .text.I2C_GetFlagStatus
                0x00000000       0x68 ..\obj\stm32f4xx_i2c.o
 .text.I2C_ClearFlag
                0x00000000       0x2c ..\obj\stm32f4xx_i2c.o
 .text.I2C_GetITStatus
                0x00000000       0x5c ..\obj\stm32f4xx_i2c.o
 .text.I2C_ClearITPendingBit
                0x00000000       0x2c ..\obj\stm32f4xx_i2c.o
 .debug_info    0x00000000      0xaf4 ..\obj\stm32f4xx_i2c.o
 .debug_abbrev  0x00000000      0x164 ..\obj\stm32f4xx_i2c.o
 .debug_aranges
                0x00000000      0x120 ..\obj\stm32f4xx_i2c.o
 .debug_ranges  0x00000000      0x110 ..\obj\stm32f4xx_i2c.o
 .debug_line    0x00000000      0x4ee ..\obj\stm32f4xx_i2c.o
 .debug_str     0x00000000      0x666 ..\obj\stm32f4xx_i2c.o
 .comment       0x00000000       0x71 ..\obj\stm32f4xx_i2c.o
 .ARM.attributes
                0x00000000       0x33 ..\obj\stm32f4xx_i2c.o
 .debug_frame   0x00000000      0x3b4 ..\obj\stm32f4xx_i2c.o
 .text          0x00000000        0x0 ..\obj\misc.o
 .data          0x00000000        0x0 ..\obj\misc.o
 .bss           0x00000000        0x0 ..\obj\misc.o
 .text.NVIC_PriorityGroupConfig
                0x00000000       0x24 ..\obj\misc.o
 .text.NVIC_Init
                0x00000000       0xbc ..\obj\misc.o
 .text.NVIC_SetVectorTable
                0x00000000       0x2c ..\obj\misc.o
 .text.NVIC_SystemLPConfig
                0x00000000       0x40 ..\obj\misc.o
 .text.SysTick_CLKSourceConfig
                0x00000000       0x38 ..\obj\misc.o
 .debug_info    0x00000000      0x53d ..\obj\misc.o
 .debug_abbrev  0x00000000      0x145 ..\obj\misc.o
 .debug_aranges
                0x00000000       0x40 ..\obj\misc.o
 .debug_ranges  0x00000000       0x30 ..\obj\misc.o
 .debug_line    0x00000000      0x258 ..\obj\misc.o
 .debug_str     0x00000000      0x3cf ..\obj\misc.o
 .comment       0x00000000       0x71 ..\obj\misc.o
 .ARM.attributes
                0x00000000       0x33 ..\obj\misc.o
 .debug_frame   0x00000000       0x9c ..\obj\misc.o
 .text          0x00000000        0x0 c:/program files (x86)/gnu tools arm embedded/4.8 2014q3/bin/../lib/gcc/arm-none-eabi/4.8.4/../../../../arm-none-eabi/lib/armv7e-m\libg.a(lib_a-memset.o)
 .data          0x00000000        0x0 c:/program files (x86)/gnu tools arm embedded/4.8 2014q3/bin/../lib/gcc/arm-none-eabi/4.8.4/../../../../arm-none-eabi/lib/armv7e-m\libg.a(lib_a-memset.o)
 .bss           0x00000000        0x0 c:/program files (x86)/gnu tools arm embedded/4.8 2014q3/bin/../lib/gcc/arm-none-eabi/4.8.4/../../../../arm-none-eabi/lib/armv7e-m\libg.a(lib_a-memset.o)

Memory Configuration

Name             Origin             Length             Attributes
rom              0x08000000         0x00100000         xr
ram              0x20000000         0x00020000         xrw
ram1             0x10000000         0x00010000         xrw
*default*        0x00000000         0xffffffff

Linker script and memory map

                0x20020000                _eram = 0x20020000

.text           0x08000000     0x18c4
 *(.isr_vector)
 .isr_vector    0x08000000      0x188 ..\obj\startup_stm32f4xx.o
                0x08000000                g_pfnVectors
 *(.text*)
 .text.EPD_Init
                0x08000188       0x54 ..\obj\ePaperDisplay.o
                0x08000188                EPD_Init
 .text.EPD_PowerOn
                0x080001dc       0x84 ..\obj\ePaperDisplay.o
                0x080001dc                EPD_PowerOn
 .text.EPD_PowerOff
                0x08000260       0x8c ..\obj\ePaperDisplay.o
                0x08000260                EPD_PowerOff
 .text.GetCOGid
                0x080002ec       0x2c ..\obj\ePaperDisplay.o
                0x080002ec                GetCOGid
 .text.DisableOE
                0x08000318       0x3c ..\obj\ePaperDisplay.o
                0x08000318                DisableOE
 .text.CheckBreakage
                0x08000354       0x40 ..\obj\ePaperDisplay.o
                0x08000354                CheckBreakage
 .text.EnterPowerSavingMode
                0x08000394       0x3c ..\obj\ePaperDisplay.o
                0x08000394                EnterPowerSavingMode
 .text.ChannelSelect
                0x080003d0       0x44 ..\obj\ePaperDisplay.o
                0x080003d0                ChannelSelect
 .text.OscillatorPowerMode
                0x08000414       0x48 ..\obj\ePaperDisplay.o
                0x08000414                OscillatorPowerMode
 .text.PowerSettings1
                0x0800045c       0x3c ..\obj\ePaperDisplay.o
                0x0800045c                PowerSettings1
 .text.SetVComLevel
                0x08000498       0x3c ..\obj\ePaperDisplay.o
                0x08000498                SetVComLevel
 .text.PowerSettings2
                0x080004d4       0x3c ..\obj\ePaperDisplay.o
                0x080004d4                PowerSettings2
 .text.PowerSettings3
                0x08000510       0x3c ..\obj\ePaperDisplay.o
                0x08000510                PowerSettings3
 .text.DriverLatchOn
                0x0800054c       0x3c ..\obj\ePaperDisplay.o
                0x0800054c                DriverLatchOn
 .text.DriverLatchOff
                0x08000588       0x3c ..\obj\ePaperDisplay.o
                0x08000588                DriverLatchOff
 .text.ChargePump
                0x080005c4       0x5c ..\obj\ePaperDisplay.o
                0x080005c4                ChargePump
 .text.ChargePumpVoltageSettings
                0x08000620       0x48 ..\obj\ePaperDisplay.o
                0x08000620                ChargePumpVoltageSettings
 .text.CheckDCDC
                0x08000668       0x48 ..\obj\ePaperDisplay.o
                0x08000668                CheckDCDC
 .text.OutputEnaToDisa
                0x080006b0       0x3c ..\obj\ePaperDisplay.o
                0x080006b0                OutputEnaToDisa
 .text.TurnOnOE
                0x080006ec       0x3c ..\obj\ePaperDisplay.o
                0x080006ec                TurnOnOE
 .text.DischargeInternal
                0x08000728       0x3c ..\obj\ePaperDisplay.o
                0x08000728                DischargeInternal
 .text.DisplayImage
                0x08000764       0x28 ..\obj\ePaperDisplay.o
                0x08000764                DisplayImage
 .text.DisplayInverse
                0x0800078c       0x40 ..\obj\ePaperDisplay.o
                0x0800078c                DisplayInverse
 .text.DisplayBW
                0x080007cc       0x98 ..\obj\ePaperDisplay.o
                0x080007cc                DisplayBW
 .text.DisplayNew
                0x08000864       0x40 ..\obj\ePaperDisplay.o
                0x08000864                DisplayNew
 .text.DisplayNothing
                0x080008a4       0x34 ..\obj\ePaperDisplay.o
                0x080008a4                DisplayNothing
 .text.DisplayLine
                0x080008d8      0x388 ..\obj\ePaperDisplay.o
                0x080008d8                DisplayLine
 .text.RefreshBorder
                0x08000c60       0x24 ..\obj\ePaperDisplay.o
                0x08000c60                RefreshBorder
 .text.NVIC_SetPriority
                0x08000c84       0x54 ..\obj\delay.o
 .text.SysTick_Config
                0x08000cd8       0x44 ..\obj\delay.o
 .text.SysTick_Init
                0x08000d1c       0x28 ..\obj\delay.o
                0x08000d1c                SysTick_Init
 .text.TimeTick_Decrement
                0x08000d44       0x24 ..\obj\delay.o
                0x08000d44                TimeTick_Decrement
 .text.delay_nus
                0x08000d68       0x28 ..\obj\delay.o
                0x08000d68                delay_nus
 .text.delay_1ms
                0x08000d90       0x24 ..\obj\delay.o
                0x08000d90                delay_1ms
 .text.delay_nms
                0x08000db4       0x20 ..\obj\delay.o
                0x08000db4                delay_nms
 .text.LEDs_Init
                0x08000dd4       0x38 ..\obj\mini_m4.o
                0x08000dd4                LEDs_Init
 .text.ToggleLed
                0x08000e0c       0x2c ..\obj\mini_m4.o
                0x08000e0c                ToggleLed
 .text.ChangeLedState
                0x08000e38       0x40 ..\obj\mini_m4.o
                0x08000e38                ChangeLedState
 .text.ChangePowerState
                0x08000e78       0x20 ..\obj\mini_m4.o
                0x08000e78                ChangePowerState
 .text.ChangeResetState
                0x08000e98       0x24 ..\obj\mini_m4.o
                0x08000e98                ChangeResetState
 .text.ChangeDischargeState
                0x08000ebc       0x24 ..\obj\mini_m4.o
                0x08000ebc                ChangeDischargeState
 .text.ChangeBorderState
                0x08000ee0       0x24 ..\obj\mini_m4.o
                0x08000ee0                ChangeBorderState
 .text.ChangeCSState
                0x08000f04       0x20 ..\obj\mini_m4.o
                0x08000f04                ChangeCSState
 .text.IsBusy   0x08000f24       0x18 ..\obj\mini_m4.o
                0x08000f24                IsBusy
 .text.SPI1_Init
                0x08000f3c       0xc4 ..\obj\mini_m4.o
                0x08000f3c                SPI1_Init
 .text.SPI1_Send
                0x08001000       0x5c ..\obj\mini_m4.o
                0x08001000                SPI1_Send
 .text.SPI1_Read
                0x0800105c       0x50 ..\obj\mini_m4.o
                0x0800105c                SPI1_Read
 .text.Default_Reset_Handler
                0x080010ac       0x60 ..\obj\startup_stm32f4xx.o
                0x080010ac                Default_Reset_Handler
                0x080010ac                Reset_Handler
 .text.Default_Handler
                0x0800110c        0x8 ..\obj\startup_stm32f4xx.o
                0x0800110c                RTC_Alarm_IRQHandler
                0x0800110c                HASH_RNG_IRQHandler
                0x0800110c                EXTI2_IRQHandler
                0x0800110c                TIM8_CC_IRQHandler
                0x0800110c                DebugMon_Handler
                0x0800110c                TIM1_CC_IRQHandler
                0x0800110c                DMA2_Stream5_IRQHandler
                0x0800110c                HardFault_Handler
                0x0800110c                DMA1_Stream5_IRQHandler
                0x0800110c                PVD_IRQHandler
                0x0800110c                SDIO_IRQHandler
                0x0800110c                TAMP_STAMP_IRQHandler
                0x0800110c                PendSV_Handler
                0x0800110c                NMI_Handler
                0x0800110c                CAN2_RX1_IRQHandler
                0x0800110c                EXTI3_IRQHandler
                0x0800110c                TIM8_TRG_COM_TIM14_IRQHandler
                0x0800110c                TIM1_UP_TIM10_IRQHandler
                0x0800110c                TIM8_UP_TIM13_IRQHandler
                0x0800110c                I2C3_ER_IRQHandler
                0x0800110c                EXTI0_IRQHandler
                0x0800110c                I2C2_EV_IRQHandler
                0x0800110c                DMA1_Stream2_IRQHandler
                0x0800110c                CAN1_RX0_IRQHandler
                0x0800110c                FPU_IRQHandler
                0x0800110c                OTG_HS_WKUP_IRQHandler
                0x0800110c                UsageFault_Handler
                0x0800110c                CAN2_SCE_IRQHandler
                0x0800110c                DMA2_Stream2_IRQHandler
                0x0800110c                SPI1_IRQHandler
                0x0800110c                TIM6_DAC_IRQHandler
                0x0800110c                TIM1_BRK_TIM9_IRQHandler
                0x0800110c                DCMI_IRQHandler
                0x0800110c                CAN2_RX0_IRQHandler
                0x0800110c                DMA2_Stream3_IRQHandler
                0x0800110c                USART6_IRQHandler
                0x0800110c                USART3_IRQHandler
                0x0800110c                CRYP_IRQHandler
                0x0800110c                CAN1_RX1_IRQHandler
                0x0800110c                UART5_IRQHandler
                0x0800110c                DMA2_Stream0_IRQHandler
                0x0800110c                TIM4_IRQHandler
                0x0800110c                I2C1_EV_IRQHandler
                0x0800110c                DMA1_Stream6_IRQHandler
                0x0800110c                DMA1_Stream1_IRQHandler
                0x0800110c                UART4_IRQHandler
                0x0800110c                TIM3_IRQHandler
                0x0800110c                RCC_IRQHandler
                0x0800110c                TIM8_BRK_TIM12_IRQHandler
                0x0800110c                EXTI15_10_IRQHandler
                0x0800110c                ADC_IRQHandler
                0x0800110c                DMA1_Stream7_IRQHandler
                0x0800110c                TIM7_IRQHandler
                0x0800110c                CAN2_TX_IRQHandler
                0x0800110c                TIM5_IRQHandler
                0x0800110c                DMA2_Stream7_IRQHandler
                0x0800110c                I2C3_EV_IRQHandler
                0x0800110c                EXTI9_5_IRQHandler
                0x0800110c                RTC_WKUP_IRQHandler
                0x0800110c                ETH_WKUP_IRQHandler
                0x0800110c                SPI2_IRQHandler
                0x0800110c                OTG_HS_EP1_IN_IRQHandler
                0x0800110c                MemManage_Handler
                0x0800110c                DMA1_Stream0_IRQHandler
                0x0800110c                CAN1_TX_IRQHandler
                0x0800110c                SVC_Handler
                0x0800110c                EXTI4_IRQHandler
                0x0800110c                FSMC_IRQHandler
                0x0800110c                ETH_IRQHandler
                0x0800110c                OTG_HS_EP1_OUT_IRQHandler
                0x0800110c                WWDG_IRQHandler
                0x0800110c                TIM2_IRQHandler
                0x0800110c                OTG_FS_WKUP_IRQHandler
                0x0800110c                TIM1_TRG_COM_TIM11_IRQHandler
                0x0800110c                OTG_HS_IRQHandler
                0x0800110c                EXTI1_IRQHandler
                0x0800110c                USART2_IRQHandler
                0x0800110c                I2C2_ER_IRQHandler
                0x0800110c                DMA2_Stream1_IRQHandler
                0x0800110c                CAN1_SCE_IRQHandler
                0x0800110c                FLASH_IRQHandler
                0x0800110c                DMA2_Stream4_IRQHandler
                0x0800110c                BusFault_Handler
                0x0800110c                USART1_IRQHandler
                0x0800110c                OTG_FS_IRQHandler
                0x0800110c                SPI3_IRQHandler
                0x0800110c                DMA1_Stream4_IRQHandler
                0x0800110c                I2C1_ER_IRQHandler
                0x0800110c                DMA2_Stream6_IRQHandler
                0x0800110c                DMA1_Stream3_IRQHandler
 .text.main     0x08001114       0x6c ..\obj\main.o
                0x08001114                main
 .text.SysTick_Handler
                0x08001180        0xc ..\obj\main.o
                0x08001180                SysTick_Handler
 .text.RCC_AHB1PeriphClockCmd
                0x0800118c       0x3c ..\obj\stm32f4xx_rcc.o
                0x0800118c                RCC_AHB1PeriphClockCmd
 .text.RCC_APB2PeriphClockCmd
                0x080011c8       0x3c ..\obj\stm32f4xx_rcc.o
                0x080011c8                RCC_APB2PeriphClockCmd
 .text.GPIO_Init
                0x08001204      0x11c ..\obj\stm32f4xx_gpio.o
                0x08001204                GPIO_Init
 .text.GPIO_ReadInputDataBit
                0x08001320       0x34 ..\obj\stm32f4xx_gpio.o
                0x08001320                GPIO_ReadInputDataBit
 .text.GPIO_SetBits
                0x08001354       0x1c ..\obj\stm32f4xx_gpio.o
                0x08001354                GPIO_SetBits
 .text.GPIO_ResetBits
                0x08001370       0x1c ..\obj\stm32f4xx_gpio.o
                0x08001370                GPIO_ResetBits
 .text.GPIO_WriteBit
                0x0800138c       0x30 ..\obj\stm32f4xx_gpio.o
                0x0800138c                GPIO_WriteBit
 .text.GPIO_ToggleBits
                0x080013bc       0x24 ..\obj\stm32f4xx_gpio.o
                0x080013bc                GPIO_ToggleBits
 .text.GPIO_PinAFConfig
                0x080013e0       0x8c ..\obj\stm32f4xx_gpio.o
                0x080013e0                GPIO_PinAFConfig
 .text.SystemInit
                0x0800146c       0x58 ..\obj\system_stm32f4xx.o
                0x0800146c                SystemInit
 .text.SetSysClock
                0x080014c4       0xf4 ..\obj\system_stm32f4xx.o
 .text.SPI_Init
                0x080015b8       0x88 ..\obj\stm32f4xx_spi.o
                0x080015b8                SPI_Init
 .text.SPI_Cmd  0x08001640       0x40 ..\obj\stm32f4xx_spi.o
                0x08001640                SPI_Cmd
 .text.SPI_I2S_ReceiveData
                0x08001680       0x1c ..\obj\stm32f4xx_spi.o
                0x08001680                SPI_I2S_ReceiveData
 .text.SPI_I2S_SendData
                0x0800169c       0x1c ..\obj\stm32f4xx_spi.o
                0x0800169c                SPI_I2S_SendData
 .text.SPI_I2S_GetFlagStatus
                0x080016b8       0x38 ..\obj\stm32f4xx_spi.o
                0x080016b8                SPI_I2S_GetFlagStatus
 .text.memset   0x080016f0       0x94 c:/program files (x86)/gnu tools arm embedded/4.8 2014q3/bin/../lib/gcc/arm-none-eabi/4.8.4/../../../../arm-none-eabi/lib/armv7e-m\libg.a(lib_a-memset.o)
                0x080016f0                memset
 *(.init)
 *(.fini)
 *crtbegin.o(.ctors)
 *crtbegin?.o(.ctors)
 *(EXCLUDE_FILE(*crtend.o *crtend?.o) .ctors)
 *(SORT(.ctors.*))
 *(.ctors)
 *crtbegin.o(.dtors)
 *crtbegin?.o(.dtors)
 *(EXCLUDE_FILE(*crtend.o *crtend?.o) .dtors)
 *(SORT(.dtors.*))
 *(.dtors)
 *(.rodata*)
 .rodata        0x08001784      0x140 ..\obj\ePaperDisplay.o
 *(.eh_fram e*)

.glue_7         0x080018c4        0x0
 .glue_7        0x00000000        0x0 linker stubs

.glue_7t        0x080018c4        0x0
 .glue_7t       0x00000000        0x0 linker stubs

.vfp11_veneer   0x080018c4        0x0
 .vfp11_veneer  0x00000000        0x0 linker stubs

.v4_bx          0x080018c4        0x0
 .v4_bx         0x00000000        0x0 linker stubs

.iplt           0x080018c4        0x0
 .iplt          0x00000000        0x0 ..\obj\ePaperDisplay.o

.rel.dyn        0x080018c4        0x0
 .rel.iplt      0x00000000        0x0 ..\obj\ePaperDisplay.o

.ARM.extab
 *(.ARM.extab* .gnu.linkonce.armextab.*)
                0x080018c4                __exidx_start = .

.ARM.exidx
 *(.ARM.exidx* .gnu.linkonce.armexidx.*)
                0x080018c4                __exidx_end = .
                0x080018c4                __etext = .
                0x080018c4                _sidata = __etext

.data           0x20000000       0x14 load address 0x080018c4
                0x20000000                __data_start__ = .
                0x20000000                _sdata = __data_start__
 *(vtable)
 *(.data*)
 .data          0x20000000       0x14 ..\obj\system_stm32f4xx.o
                0x20000000                SystemCoreClock
                0x20000004                AHBPrescTable
                0x20000014                . = ALIGN (0x4)
                0x20000014                PROVIDE (__preinit_array_start, .)
 *(.preinit_array)
                0x20000014                PROVIDE (__preinit_array_end, .)
                0x20000014                . = ALIGN (0x4)
                0x20000014                PROVIDE (__init_array_start, .)
 *(SORT(.init_array.*))
 *(.init_array)
                0x20000014                PROVIDE (__init_array_end, .)
                0x20000014                . = ALIGN (0x4)
                0x20000014                PROVIDE (__fini_array_start, .)
 *(SORT(.fini_array.*))
 *(.fini_array)
                0x20000014                PROVIDE (__fini_array_end, .)
 *(.jcr*)
                0x20000014                . = ALIGN (0x4)
                0x20000014                __data_end__ = .
                0x20000014                _edata = __data_end__

.igot.plt       0x20000014        0x0 load address 0x080018d8
 .igot.plt      0x00000000        0x0 ..\obj\ePaperDisplay.o

.bss            0x20000014     0x1084 load address 0x080018d8
                0x20000014                . = ALIGN (0x4)
                0x20000014                __bss_start__ = .
                0x20000014                _sbss = __bss_start__
 *(.bss*)
 .bss           0x20000014        0x4 ..\obj\delay.o
 .bss           0x20000018     0x1080 ..\obj\main.o
 *(COMMON)
                0x20001098                . = ALIGN (0x4)
                0x20001098                __bss_end__ = .
                0x20001098                _ebss = __bss_end__

.heap           0x20001098        0x0
                0x20001098                __end__ = .
                0x20001098                _end = __end__
                0x20001098                end = __end__
 *(.heap*)
                0x20001098                __HeapLimit = .

.co_stack       0x20001098      0x800 load address 0x0800295c
                0x20001098                . = ALIGN (0x8)
 *(.co_stack .co_stack.*)
 .co_stack      0x20001098      0x800 ..\obj\startup_stm32f4xx.o
                0x20001098                pulStack
                0x20020000                __StackTop = (ORIGIN (ram) + 0x20000)
                0x2001f800                __StackLimit = (__StackTop - SIZEOF (.co_stack))
                0x20020000                PROVIDE (__stack, __StackTop)
                0x00000001                ASSERT ((__StackLimit >= __HeapLimit), region ram  overflowed with stack)
LOAD ..\obj\ePaperDisplay.o
LOAD ..\obj\delay.o
LOAD ..\obj\mini_m4.o
LOAD ..\obj\startup_stm32f4xx.o
LOAD ..\obj\main.o
LOAD ..\obj\stm32f4xx_rcc.o
LOAD ..\obj\stm32f4xx_gpio.o
LOAD ..\obj\system_stm32f4xx.o
LOAD ..\obj\stm32f4xx_spi.o
LOAD ..\obj\stm32f4xx_i2c.o
LOAD ..\obj\misc.o
START GROUP
LOAD c:/program files (x86)/gnu tools arm embedded/4.8 2014q3/bin/../lib/gcc/arm-none-eabi/4.8.4/armv7e-m\libgcc.a
LOAD c:/program files (x86)/gnu tools arm embedded/4.8 2014q3/bin/../lib/gcc/arm-none-eabi/4.8.4/../../../../arm-none-eabi/lib/armv7e-m\libg.a
LOAD c:/program files (x86)/gnu tools arm embedded/4.8 2014q3/bin/../lib/gcc/arm-none-eabi/4.8.4/../../../../arm-none-eabi/lib/armv7e-m\libc.a
END GROUP
OUTPUT(ePaper_Mini-M4.elf elf32-littlearm)

.debug_info     0x00000000     0x3ae0
 .debug_info    0x00000000      0x81d ..\obj\ePaperDisplay.o
 .debug_info    0x0000081d      0x70f ..\obj\delay.o
 .debug_info    0x00000f2c      0x689 ..\obj\mini_m4.o
 .debug_info    0x000015b5       0xed ..\obj\startup_stm32f4xx.o
 .debug_info    0x000016a2      0x156 ..\obj\main.o
 .debug_info    0x000017f8      0xc4d ..\obj\stm32f4xx_rcc.o
 .debug_info    0x00002445      0x602 ..\obj\stm32f4xx_gpio.o
 .debug_info    0x00002a47      0x592 ..\obj\system_stm32f4xx.o
 .debug_info    0x00002fd9      0xb07 ..\obj\stm32f4xx_spi.o

.debug_abbrev   0x00000000      0xc86
 .debug_abbrev  0x00000000      0x17e ..\obj\ePaperDisplay.o
 .debug_abbrev  0x0000017e      0x1be ..\obj\delay.o
 .debug_abbrev  0x0000033c      0x188 ..\obj\mini_m4.o
 .debug_abbrev  0x000004c4       0xb0 ..\obj\startup_stm32f4xx.o
 .debug_abbrev  0x00000574       0xef ..\obj\main.o
 .debug_abbrev  0x00000663      0x1e3 ..\obj\stm32f4xx_rcc.o
 .debug_abbrev  0x00000846      0x1a3 ..\obj\stm32f4xx_gpio.o
 .debug_abbrev  0x000009e9      0x136 ..\obj\system_stm32f4xx.o
 .debug_abbrev  0x00000b1f      0x167 ..\obj\stm32f4xx_spi.o

.debug_aranges  0x00000000      0x528
 .debug_aranges
                0x00000000       0xf8 ..\obj\ePaperDisplay.o
 .debug_aranges
                0x000000f8       0x50 ..\obj\delay.o
 .debug_aranges
                0x00000148       0x80 ..\obj\mini_m4.o
 .debug_aranges
                0x000001c8       0x28 ..\obj\startup_stm32f4xx.o
 .debug_aranges
                0x000001f0       0x28 ..\obj\main.o
 .debug_aranges
                0x00000218      0x178 ..\obj\stm32f4xx_rcc.o
 .debug_aranges
                0x00000390       0x88 ..\obj\stm32f4xx_gpio.o
 .debug_aranges
                0x00000418       0x30 ..\obj\system_stm32f4xx.o
 .debug_aranges
                0x00000448       0xe0 ..\obj\stm32f4xx_spi.o

.debug_ranges   0x00000000      0x498
 .debug_ranges  0x00000000       0xe8 ..\obj\ePaperDisplay.o
 .debug_ranges  0x000000e8       0x40 ..\obj\delay.o
 .debug_ranges  0x00000128       0x70 ..\obj\mini_m4.o
 .debug_ranges  0x00000198       0x18 ..\obj\startup_stm32f4xx.o
 .debug_ranges  0x000001b0       0x18 ..\obj\main.o
 .debug_ranges  0x000001c8      0x168 ..\obj\stm32f4xx_rcc.o
 .debug_ranges  0x00000330       0x78 ..\obj\stm32f4xx_gpio.o
 .debug_ranges  0x000003a8       0x20 ..\obj\system_stm32f4xx.o
 .debug_ranges  0x000003c8       0xd0 ..\obj\stm32f4xx_spi.o

.debug_line     0x00000000     0x1d89
 .debug_line    0x00000000      0x568 ..\obj\ePaperDisplay.o
 .debug_line    0x00000568      0x268 ..\obj\delay.o
 .debug_line    0x000007d0      0x367 ..\obj\mini_m4.o
 .debug_line    0x00000b37       0xa3 ..\obj\startup_stm32f4xx.o
 .debug_line    0x00000bda      0x253 ..\obj\main.o
 .debug_line    0x00000e2d      0x5ad ..\obj\stm32f4xx_rcc.o
 .debug_line    0x000013da      0x352 ..\obj\stm32f4xx_gpio.o
 .debug_line    0x0000172c      0x1f8 ..\obj\system_stm32f4xx.o
 .debug_line    0x00001924      0x465 ..\obj\stm32f4xx_spi.o

.debug_str      0x00000000     0x1b77
 .debug_str     0x00000000      0x4b3 ..\obj\ePaperDisplay.o
                                0x505 (size before relaxing)
 .debug_str     0x000004b3      0x6b1 ..\obj\delay.o
                                0x7f9 (size before relaxing)
 .debug_str     0x00000b64      0x394 ..\obj\mini_m4.o
                                0x54e (size before relaxing)
 .debug_str     0x00000ef8       0xb1 ..\obj\startup_stm32f4xx.o
                                0x148 (size before relaxing)
 .debug_str     0x00000fa9       0x45 ..\obj\main.o
                                0x1ac (size before relaxing)
 .debug_str     0x00000fee      0x660 ..\obj\stm32f4xx_rcc.o
                                0x851 (size before relaxing)
 .debug_str     0x0000164e      0x178 ..\obj\stm32f4xx_gpio.o
                                0x4a4 (size before relaxing)
 .debug_str     0x000017c6       0xb5 ..\obj\system_stm32f4xx.o
                                0x3ab (size before relaxing)
 .debug_str     0x0000187b      0x2fc ..\obj\stm32f4xx_spi.o
                                0x68b (size before relaxing)

.comment        0x00000000       0x70
 .comment       0x00000000       0x70 ..\obj\ePaperDisplay.o
                                 0x71 (size before relaxing)
 .comment       0x00000000       0x71 ..\obj\delay.o
 .comment       0x00000000       0x71 ..\obj\mini_m4.o
 .comment       0x00000000       0x71 ..\obj\startup_stm32f4xx.o
 .comment       0x00000000       0x71 ..\obj\main.o
 .comment       0x00000000       0x71 ..\obj\stm32f4xx_rcc.o
 .comment       0x00000000       0x71 ..\obj\stm32f4xx_gpio.o
 .comment       0x00000000       0x71 ..\obj\system_stm32f4xx.o
 .comment       0x00000000       0x71 ..\obj\stm32f4xx_spi.o

.ARM.attributes
                0x00000000       0x33
 .ARM.attributes
                0x00000000       0x33 ..\obj\ePaperDisplay.o
 .ARM.attributes
                0x00000033       0x33 ..\obj\delay.o
 .ARM.attributes
                0x00000066       0x33 ..\obj\mini_m4.o
 .ARM.attributes
                0x00000099       0x33 ..\obj\startup_stm32f4xx.o
 .ARM.attributes
                0x000000cc       0x33 ..\obj\main.o
 .ARM.attributes
                0x000000ff       0x33 ..\obj\stm32f4xx_rcc.o
 .ARM.attributes
                0x00000132       0x33 ..\obj\stm32f4xx_gpio.o
 .ARM.attributes
                0x00000165       0x33 ..\obj\system_stm32f4xx.o
 .ARM.attributes
                0x00000198       0x33 ..\obj\stm32f4xx_spi.o
 .ARM.attributes
                0x000001cb       0x2e c:/program files (x86)/gnu tools arm embedded/4.8 2014q3/bin/../lib/gcc/arm-none-eabi/4.8.4/../../../../arm-none-eabi/lib/armv7e-m\libg.a(lib_a-memset.o)

.debug_frame    0x00000000     0x1074
 .debug_frame   0x00000000      0x38c ..\obj\ePaperDisplay.o
 .debug_frame   0x0000038c       0xd4 ..\obj\delay.o
 .debug_frame   0x00000460      0x1ac ..\obj\mini_m4.o
 .debug_frame   0x0000060c       0x48 ..\obj\startup_stm32f4xx.o
 .debug_frame   0x00000654       0x4c ..\obj\main.o
 .debug_frame   0x000006a0      0x4d8 ..\obj\stm32f4xx_rcc.o
 .debug_frame   0x00000b78      0x19c ..\obj\stm32f4xx_gpio.o
 .debug_frame   0x00000d14       0x64 ..\obj\system_stm32f4xx.o
 .debug_frame   0x00000d78      0x2d0 ..\obj\stm32f4xx_spi.o
 .debug_frame   0x00001048       0x2c c:/program files (x86)/gnu tools arm embedded/4.8 2014q3/bin/../lib/gcc/arm-none-eabi/4.8.4/../../../../arm-none-eabi/lib/armv7e-m\libg.a(lib_a-memset.o)
